Archive member included to satisfy reference by file (symbol)

.\CortexM3\ARM_GCC_541\Debug\Reaction_Game_Erika.a(SEVEN_reg.o)
                              .\CortexM3\ARM_GCC_541\Debug\seven.o (SEVEN_reg_Write)
.\CortexM3\ARM_GCC_541\Debug\Reaction_Game_Erika.a(SEVEN_DP.o)
                              .\CortexM3\ARM_GCC_541\Debug\seven.o (SEVEN_DP_Write)
.\CortexM3\ARM_GCC_541\Debug\Reaction_Game_Erika.a(SEVEN_SELECT.o)
                              .\CortexM3\ARM_GCC_541\Debug\seven.o (SEVEN_SELECT_Write)
.\CortexM3\ARM_GCC_541\Debug\Reaction_Game_Erika.a(Button_1.o)
                              .\CortexM3\ARM_GCC_541\Debug\main.o (Button_1_Read)
.\CortexM3\ARM_GCC_541\Debug\Reaction_Game_Erika.a(Button_2.o)
                              .\CortexM3\ARM_GCC_541\Debug\main.o (Button_2_Read)
.\CortexM3\ARM_GCC_541\Debug\Reaction_Game_Erika.a(CyLib.o)
                              .\CortexM3\ARM_GCC_541\Debug\Cm3Start.o (CyHalt)
.\CortexM3\ARM_GCC_541\Debug\Reaction_Game_Erika.a(cyPm.o)
                              .\CortexM3\ARM_GCC_541\Debug\Reaction_Game_Erika.a(CyLib.o) (CyPmReadStatus)
.\CortexM3\ARM_GCC_541\Debug\Reaction_Game_Erika.a(PWM_red.o)
                              .\CortexM3\ARM_GCC_541\Debug\main.o (PWM_red_Start)
.\CortexM3\ARM_GCC_541\Debug\Reaction_Game_Erika.a(PWM_yellow.o)
                              .\CortexM3\ARM_GCC_541\Debug\main.o (PWM_yellow_Start)
.\CortexM3\ARM_GCC_541\Debug\Reaction_Game_Erika.a(PWM_green.o)
                              .\CortexM3\ARM_GCC_541\Debug\main.o (PWM_green_Start)
.\CortexM3\ARM_GCC_541\Debug\Reaction_Game_Erika.a(RGB_PWM_red.o)
                              .\CortexM3\ARM_GCC_541\Debug\arcadian.o (RGB_PWM_red_WriteCompare)
.\CortexM3\ARM_GCC_541\Debug\Reaction_Game_Erika.a(RGB_PWM_green.o)
                              .\CortexM3\ARM_GCC_541\Debug\arcadian.o (RGB_PWM_green_WriteCompare)
.\CortexM3\ARM_GCC_541\Debug\Reaction_Game_Erika.a(RGB_PWM_blue.o)
                              .\CortexM3\ARM_GCC_541\Debug\arcadian.o (RGB_PWM_blue_WriteCompare)
.\CortexM3\ARM_GCC_541\Debug\Reaction_Game_Erika.a(UART_LOG.o)
                              .\CortexM3\ARM_GCC_541\Debug\main.o (UART_LOG_Start)
.\CortexM3\ARM_GCC_541\Debug\Reaction_Game_Erika.a(UART_LOG_IntClock.o)
                              .\CortexM3\ARM_GCC_541\Debug\Reaction_Game_Erika.a(UART_LOG.o) (UART_LOG_IntClock_Start)
.\CortexM3\ARM_GCC_541\Debug\Reaction_Game_Erika.a(Erika_OS_ee_activate.o)
                              .\CortexM3\ARM_GCC_541\Debug\main.o (EE_oo_ActivateTask)
.\CortexM3\ARM_GCC_541\Debug\Reaction_Game_Erika.a(Erika_OS_ee_alcancel.o)
                              .\CortexM3\ARM_GCC_541\Debug\game.o (EE_oo_CancelAlarm)
.\CortexM3\ARM_GCC_541\Debug\Reaction_Game_Erika.a(Erika_OS_ee_alsetrel.o)
                              .\CortexM3\ARM_GCC_541\Debug\game.o (EE_oo_SetRelAlarm)
.\CortexM3\ARM_GCC_541\Debug\Reaction_Game_Erika.a(Erika_OS_ee_altick.o)
                              .\CortexM3\ARM_GCC_541\Debug\Reaction_Game_Erika.a(Erika_OS_ee_alsetrel.o) (EE_oo_counter_object_insert)
.\CortexM3\ARM_GCC_541\Debug\Reaction_Game_Erika.a(Erika_OS_ee_evclear.o)
                              .\CortexM3\ARM_GCC_541\Debug\main.o (EE_oo_ClearEvent)
.\CortexM3\ARM_GCC_541\Debug\Reaction_Game_Erika.a(Erika_OS_ee_evget.o)
                              .\CortexM3\ARM_GCC_541\Debug\main.o (EE_oo_GetEvent)
.\CortexM3\ARM_GCC_541\Debug\Reaction_Game_Erika.a(Erika_OS_ee_evset.o)
                              .\CortexM3\ARM_GCC_541\Debug\main.o (EE_oo_SetEvent)
.\CortexM3\ARM_GCC_541\Debug\Reaction_Game_Erika.a(Erika_OS_ee_evwait.o)
                              .\CortexM3\ARM_GCC_541\Debug\main.o (EE_oo_WaitEvent)
.\CortexM3\ARM_GCC_541\Debug\Reaction_Game_Erika.a(Erika_OS_ee_irqendin.o)
                              .\CortexM3\ARM_GCC_541\Debug\main.o (EE_IRQ_end_post_stub)
.\CortexM3\ARM_GCC_541\Debug\Reaction_Game_Erika.a(Erika_OS_ee_lookup.o)
                              .\CortexM3\ARM_GCC_541\Debug\Reaction_Game_Erika.a(Erika_OS_ee_irqendin.o) (EE_oo_IRQ_disable_count)
.\CortexM3\ARM_GCC_541\Debug\Reaction_Game_Erika.a(Erika_OS_ee_rq_exchg.o)
                              .\CortexM3\ARM_GCC_541\Debug\Reaction_Game_Erika.a(Erika_OS_ee_activate.o) (EE_rq2stk_exchange)
.\CortexM3\ARM_GCC_541\Debug\Reaction_Game_Erika.a(Erika_OS_ee_rq_first.o)
                              .\CortexM3\ARM_GCC_541\Debug\Reaction_Game_Erika.a(Erika_OS_ee_activate.o) (EE_rq_queryfirst)
.\CortexM3\ARM_GCC_541\Debug\Reaction_Game_Erika.a(Erika_OS_ee_rq_inser.o)
                              .\CortexM3\ARM_GCC_541\Debug\Reaction_Game_Erika.a(Erika_OS_ee_activate.o) (EE_rq_insert)
.\CortexM3\ARM_GCC_541\Debug\Reaction_Game_Erika.a(Erika_OS_ee_startos.o)
                              .\CortexM3\ARM_GCC_541\Debug\main.o (EE_oo_StartOS)
.\CortexM3\ARM_GCC_541\Debug\Reaction_Game_Erika.a(Erika_OS_ee_terminat.o)
                              .\CortexM3\ARM_GCC_541\Debug\main.o (EE_oo_TerminateTask)
[...]
Memory Configuration

Name             Origin             Length             Attributes
rom              0x00000000         0x00040000         xr
ram              0x1fff8000         0x00010000         xrw
*default*        0x00000000         0xffffffff

Linker script and memory map

LOAD d:/psoc creator/4.4/psoc creator/import/gnu/arm/5.4.1/bin/../lib/gcc/arm-none-eabi/5.4.1/armv7-m/crti.o
LOAD d:/psoc creator/4.4/psoc creator/import/gnu/arm/5.4.1/bin/../lib/gcc/arm-none-eabi/5.4.1/armv7-m/crtbegin.o
LOAD d:/psoc creator/4.4/psoc creator/import/gnu/arm/5.4.1/bin/../lib/gcc/arm-none-eabi/5.4.1/../../../../arm-none-eabi/lib/armv7-m/crt0.o
START GROUP
LOAD .\CortexM3\ARM_GCC_541\Debug\main.o
LOAD .\CortexM3\ARM_GCC_541\Debug\game.o
LOAD .\CortexM3\ARM_GCC_541\Debug\arcadian.o
LOAD .\CortexM3\ARM_GCC_541\Debug\seven.o
LOAD .\CortexM3\ARM_GCC_541\Debug\led.o
LOAD .\CortexM3\ARM_GCC_541\Debug\cyfitter_cfg.o
LOAD .\CortexM3\ARM_GCC_541\Debug\cymetadata.o
LOAD .\CortexM3\ARM_GCC_541\Debug\Cm3Start.o
LOAD .\CortexM3\ARM_GCC_541\Debug\Reaction_Game_Erika.a
LOAD D:\PSoC Creator\4.4\PSoC Creator\psoc\content\cycomponentlibrary\CyComponentLibrary.cylib\CortexM3\ARM_GCC_541\Debug\CyComponentLibrary.a
END GROUP
START GROUP
LOAD d:/psoc creator/4.4/psoc creator/import/gnu/arm/5.4.1/bin/../lib/gcc/arm-none-eabi/5.4.1/armv7-m\libgcc.a
LOAD d:/psoc creator/4.4/psoc creator/import/gnu/arm/5.4.1/bin/../lib/gcc/arm-none-eabi/5.4.1/../../../../arm-none-eabi/lib/armv7-m\libg_nano.a
LOAD d:/psoc creator/4.4/psoc creator/import/gnu/arm/5.4.1/bin/../lib/gcc/arm-none-eabi/5.4.1/../../../../arm-none-eabi/lib/armv7-m\libc_nano.a
END GROUP
START GROUP
LOAD d:/psoc creator/4.4/psoc creator/import/gnu/arm/5.4.1/bin/../lib/gcc/arm-none-eabi/5.4.1/armv7-m\libgcc.a
LOAD d:/psoc creator/4.4/psoc creator/import/gnu/arm/5.4.1/bin/../lib/gcc/arm-none-eabi/5.4.1/../../../../arm-none-eabi/lib/armv7-m\libc_nano.a
END GROUP
LOAD d:/psoc creator/4.4/psoc creator/import/gnu/arm/5.4.1/bin/../lib/gcc/arm-none-eabi/5.4.1/armv7-m/crtend.o
LOAD d:/psoc creator/4.4/psoc creator/import/gnu/arm/5.4.1/bin/../lib/gcc/arm-none-eabi/5.4.1/armv7-m/crtn.o
START GROUP
LOAD d:/psoc creator/4.4/psoc creator/import/gnu/arm/5.4.1/bin/../lib/gcc/arm-none-eabi/5.4.1/armv7-m\libgcc.a
LOAD d:/psoc creator/4.4/psoc creator/import/gnu/arm/5.4.1/bin/../lib/gcc/arm-none-eabi/5.4.1/../../../../arm-none-eabi/lib/armv7-m\libc.a
LOAD d:/psoc creator/4.4/psoc creator/import/gnu/arm/5.4.1/bin/../lib/gcc/arm-none-eabi/5.4.1/../../../../arm-none-eabi/lib/armv7-m\libnosys.a
END GROUP
                0x00000000                CY_APPL_ORIGIN = 0x0
                0x00000100                CY_FLASH_ROW_SIZE = 0x100
                0x00000020                CY_ECC_ROW_SIZE = 0x20
                0x00000000                CY_EE_IN_BTLDR = 0x0
                0x00000000                CY_APPL_LOADABLE = 0x0
                0x00000800                CY_EE_SIZE = 0x800
                0x00000001                CY_APPL_NUM = 0x1
                0x00000001                CY_APPL_MAX = 0x1
                0x00000040                CY_METADATA_SIZE = 0x40
                0x00000000                CY_APPL_LOADABLE = 0x0
                0x00000000                CY_CHECKSUM_EXCLUDE_SIZE = ALIGN (0x0, CY_FLASH_ROW_SIZE)
                [!provide]                PROVIDE (__cy_heap_start, _end)
                0x00000001                PROVIDE (__cy_region_num, ((__cy_regions_end - __cy_regions) / 0x10))
                0x20008000                PROVIDE (__cy_stack, (ORIGIN (ram) + LENGTH (ram)))
                [!provide]                PROVIDE (__cy_heap_end, (__cy_stack - 0x800))

.cybootloader   0x00000000        0x0
 *(.cybootloader)
                0x00000000                appl1_start = CY_APPL_ORIGIN?CY_APPL_ORIGIN:ALIGN (CY_FLASH_ROW_SIZE)
                0x0001ff00                appl2_start = (appl1_start + ALIGN ((((LENGTH (rom) - appl1_start) - (0x2 * CY_FLASH_ROW_SIZE)) / 0x2), CY_FLASH_ROW_SIZE))
                0x00000000                appl_start = (CY_APPL_NUM == 0x1)?appl1_start:appl2_start
                0x00000000                ecc_offset = ((appl_start / CY_FLASH_ROW_SIZE) * CY_ECC_ROW_SIZE)
                0x00000000                ee_offset = (CY_APPL_LOADABLE && ! (CY_EE_IN_BTLDR))?((CY_EE_SIZE / CY_APPL_MAX) * (CY_APPL_NUM - 0x1)):0x0
                0x00000800                ee_size = (CY_APPL_LOADABLE && ! (CY_EE_IN_BTLDR))?(CY_EE_SIZE / CY_APPL_MAX):CY_EE_SIZE
                [!provide]                PROVIDE (CY_ECC_OFFSET, ecc_offset)

.text           0x00000000     0x284a
 CREATE_OBJECT_SYMBOLS
                0x00000000                PROVIDE (__cy_interrupt_vector, RomVectors)
 *(.romvectors)
 .romvectors    0x00000000       0x10 .\CortexM3\ARM_GCC_541\Debug\Cm3Start.o
                0x00000000                RomVectors
                0x00000001                ASSERT ((. != __cy_interrupt_vector), No interrupt vector)
                0x00000001                ASSERT (CY_APPL_ORIGIN?(SIZEOF (.cybootloader) <= CY_APPL_ORIGIN):0x1, Wrong image location)
                0x00000010                PROVIDE (__cy_reset, Reset)
 *(.text.Reset)
 .text.Reset    0x00000010       0x18 .\CortexM3\ARM_GCC_541\Debug\Cm3Start.o
                0x00000010                Reset
                0x00000001                ASSERT ((. != __cy_reset), No reset code)
 *(.dma_init)
                0x00000001                ASSERT ((((appl_start + .) <= 0x10000) || 0x1), DMA Init must be within the first 64k of flash)
 *(.text .text.* .gnu.linkonce.t.*)
 .text          0x00000028       0x5c d:/psoc creator/4.4/psoc creator/import/gnu/arm/5.4.1/bin/../lib/gcc/arm-none-eabi/5.4.1/armv7-m/crtbegin.o
 .text.ISR2_systick_handler
                0x00000084       0x18 .\CortexM3\ARM_GCC_541\Debug\main.o
                0x00000084                ISR2_systick_handler
 .text.systick_handler
                0x0000009c       0x98 .\CortexM3\ARM_GCC_541\Debug\main.o
                0x0000009c                systick_handler
 .text.main     0x00000134       0x2c .\CortexM3\ARM_GCC_541\Debug\main.o
                0x00000134                main
 .text.Functsk_init
                0x00000160       0x78 .\CortexM3\ARM_GCC_541\Debug\main.o
                0x00000160                Functsk_init
 .text.Functsk_event
                0x000001d8       0x48 .\CortexM3\ARM_GCC_541\Debug\main.o
                0x000001d8                Functsk_event
 .text.isr_Button
                0x00000220       0x24 .\CortexM3\ARM_GCC_541\Debug\main.o
                0x00000220                isr_Button
 .text.WaitForRandomDelay
                0x00000244       0x38 .\CortexM3\ARM_GCC_541\Debug\game.o
                0x00000244                WaitForRandomDelay
 .text.DisplayRandomValue
                0x0000027c       0x38 .\CortexM3\ARM_GCC_541\Debug\game.o
                0x0000027c                DisplayRandomValue
 .text.Functsk_timer
                0x000002b4       0x14 .\CortexM3\ARM_GCC_541\Debug\game.o
                0x000002b4                Functsk_timer
 .text.GAME_Play
                0x000002c8      0x1dc .\CortexM3\ARM_GCC_541\Debug\game.o
                0x000002c8                GAME_Play
 .text.fader_Effect
                0x000004a4       0xa8 .\CortexM3\ARM_GCC_541\Debug\arcadian.o
                0x000004a4                fader_Effect
 .text.glower_Effect
                0x0000054c       0x68 .\CortexM3\ARM_GCC_541\Debug\arcadian.o
                0x0000054c                glower_Effect
 .text.Functsk_fader
                0x000005b4        0xc .\CortexM3\ARM_GCC_541\Debug\arcadian.o
                0x000005b4                Functsk_fader
 .text.Functsk_glower
                0x000005c0        0xc .\CortexM3\ARM_GCC_541\Debug\arcadian.o
                0x000005c0                Functsk_glower
 .text.SEVEN_Set
                0x000005cc       0x34 .\CortexM3\ARM_GCC_541\Debug\seven.o
                0x000005cc                SEVEN_Set
 .text.SEVEN_Clear
                0x00000600       0x1c .\CortexM3\ARM_GCC_541\Debug\seven.o
                0x00000600                SEVEN_Clear
 .text.SEVEN_Init
                0x0000061c       0x14 .\CortexM3\ARM_GCC_541\Debug\seven.o
                0x0000061c                SEVEN_Init
 .text.LED_RGB_Set
                0x00000630       0x28 .\CortexM3\ARM_GCC_541\Debug\led.o
                0x00000630                LED_RGB_Set
 .text.CyClockStartupError
                0x00000658        0x4 .\CortexM3\ARM_GCC_541\Debug\cyfitter_cfg.o
 .text.cfg_write_bytes32
                0x0000065c       0x34 .\CortexM3\ARM_GCC_541\Debug\cyfitter_cfg.o
 .text.AnalogSetDefault
                0x00000690       0x28 .\CortexM3\ARM_GCC_541\Debug\cyfitter_cfg.o
 .text.CYMEMZERO
                0x000006b8        0xc .\CortexM3\ARM_GCC_541\Debug\cyfitter_cfg.o
 .text.ClockSetup
                0x000006c4       0xd8 .\CortexM3\ARM_GCC_541\Debug\cyfitter_cfg.o
 .text.CYCONFIGCPY
                0x0000079c        0x8 .\CortexM3\ARM_GCC_541\Debug\cyfitter_cfg.o
 .text.cyfitter_cfg
                0x000007a4      0x104 .\CortexM3\ARM_GCC_541\Debug\cyfitter_cfg.o
                0x000007a4                cyfitter_cfg
 .text.IntDefaultHandler
                0x000008a8       0x10 .\CortexM3\ARM_GCC_541\Debug\Cm3Start.o
                0x000008a8                IntDefaultHandler
 .text._sbrk    0x000008b8       0x30 .\CortexM3\ARM_GCC_541\Debug\Cm3Start.o
                0x000008b8                _sbrk
 .text.Start_c  0x000008e8       0x4c .\CortexM3\ARM_GCC_541\Debug\Cm3Start.o
                0x000008e8                Start_c
 .text.initialize_psoc
                0x00000934       0x68 .\CortexM3\ARM_GCC_541\Debug\Cm3Start.o
                0x00000934                initialize_psoc
 .text.SEVEN_reg_Write
                0x0000099c        0xc .\CortexM3\ARM_GCC_541\Debug\Reaction_Game_Erika.a(SEVEN_reg.o)
                0x0000099c                SEVEN_reg_Write
 .text.SEVEN_SELECT_Write
                0x000009a8       0x18 .\CortexM3\ARM_GCC_541\Debug\Reaction_Game_Erika.a(SEVEN_SELECT.o)
                0x000009a8                SEVEN_SELECT_Write
 .text.Button_1_Read
                0x000009c0       0x10 .\CortexM3\ARM_GCC_541\Debug\Reaction_Game_Erika.a(Button_1.o)
                0x000009c0                Button_1_Read
 .text.Button_2_Read
                0x000009d0       0x10 .\CortexM3\ARM_GCC_541\Debug\Reaction_Game_Erika.a(Button_2.o)
                0x000009d0                Button_2_Read
 .text.CyHalt   0x000009e0        0x4 .\CortexM3\ARM_GCC_541\Debug\Reaction_Game_Erika.a(CyLib.o)
                0x000009e0                CyHalt
 .text.CyDelay  0x000009e4       0x2c .\CortexM3\ARM_GCC_541\Debug\Reaction_Game_Erika.a(CyLib.o)
                0x000009e4                CyDelay
 .text.CyIntSetPriority
                0x00000a10       0x30 .\CortexM3\ARM_GCC_541\Debug\Reaction_Game_Erika.a(CyLib.o)
                0x00000a10                CyIntSetPriority
 .text.PWM_red_Enable
                0x00000a40       0x10 .\CortexM3\ARM_GCC_541\Debug\Reaction_Game_Erika.a(PWM_red.o)
                0x00000a40                PWM_red_Enable
 .text.PWM_red_WriteCounter
                0x00000a50        0xc .\CortexM3\ARM_GCC_541\Debug\Reaction_Game_Erika.a(PWM_red.o)
                0x00000a50                PWM_red_WriteCounter
 .text.PWM_red_WritePeriod
                0x00000a5c        0xc .\CortexM3\ARM_GCC_541\Debug\Reaction_Game_Erika.a(PWM_red.o)
                0x00000a5c                PWM_red_WritePeriod
 .text.PWM_red_WriteCompare
                0x00000a68        0xc .\CortexM3\ARM_GCC_541\Debug\Reaction_Game_Erika.a(PWM_red.o)
                0x00000a68                PWM_red_WriteCompare
 .text.PWM_red_SetInterruptMode
                0x00000a74        0xc .\CortexM3\ARM_GCC_541\Debug\Reaction_Game_Erika.a(PWM_red.o)
                0x00000a74                PWM_red_SetInterruptMode
 .text.PWM_red_ReadStatusRegister
                0x00000a80        0xc .\CortexM3\ARM_GCC_541\Debug\Reaction_Game_Erika.a(PWM_red.o)
                0x00000a80                PWM_red_ReadStatusRegister
 .text.PWM_red_ReadCapture
                0x00000a8c        0xc .\CortexM3\ARM_GCC_541\Debug\Reaction_Game_Erika.a(PWM_red.o)
                0x00000a8c                PWM_red_ReadCapture
 .text.PWM_red_ClearFIFO
                0x00000a98       0x14 .\CortexM3\ARM_GCC_541\Debug\Reaction_Game_Erika.a(PWM_red.o)
                0x00000a98                PWM_red_ClearFIFO
 .text.PWM_red_Init
                0x00000aac       0x50 .\CortexM3\ARM_GCC_541\Debug\Reaction_Game_Erika.a(PWM_red.o)
                0x00000aac                PWM_red_Init
 .text.PWM_red_Start
                0x00000afc       0x1c .\CortexM3\ARM_GCC_541\Debug\Reaction_Game_Erika.a(PWM_red.o)
                0x00000afc                PWM_red_Start
 .text.PWM_yellow_Enable
                0x00000b18       0x10 .\CortexM3\ARM_GCC_541\Debug\Reaction_Game_Erika.a(PWM_yellow.o)
                0x00000b18                PWM_yellow_Enable
 .text.PWM_yellow_WriteCounter
                0x00000b28        0xc .\CortexM3\ARM_GCC_541\Debug\Reaction_Game_Erika.a(PWM_yellow.o)
                0x00000b28                PWM_yellow_WriteCounter
 .text.PWM_yellow_WritePeriod
                0x00000b34        0xc .\CortexM3\ARM_GCC_541\Debug\Reaction_Game_Erika.a(PWM_yellow.o)
                0x00000b34                PWM_yellow_WritePeriod
 .text.PWM_yellow_WriteCompare
                0x00000b40        0xc .\CortexM3\ARM_GCC_541\Debug\Reaction_Game_Erika.a(PWM_yellow.o)
                0x00000b40                PWM_yellow_WriteCompare
 .text.PWM_yellow_SetInterruptMode
                0x00000b4c        0xc .\CortexM3\ARM_GCC_541\Debug\Reaction_Game_Erika.a(PWM_yellow.o)
                0x00000b4c                PWM_yellow_SetInterruptMode
 .text.PWM_yellow_ReadStatusRegister
                0x00000b58        0xc .\CortexM3\ARM_GCC_541\Debug\Reaction_Game_Erika.a(PWM_yellow.o)
                0x00000b58                PWM_yellow_ReadStatusRegister
 .text.PWM_yellow_ReadCapture
                0x00000b64        0xc .\CortexM3\ARM_GCC_541\Debug\Reaction_Game_Erika.a(PWM_yellow.o)
                0x00000b64                PWM_yellow_ReadCapture
 .text.PWM_yellow_ClearFIFO
                0x00000b70       0x14 .\CortexM3\ARM_GCC_541\Debug\Reaction_Game_Erika.a(PWM_yellow.o)
                0x00000b70                PWM_yellow_ClearFIFO
 .text.PWM_yellow_Init
                0x00000b84       0x54 .\CortexM3\ARM_GCC_541\Debug\Reaction_Game_Erika.a(PWM_yellow.o)
                0x00000b84                PWM_yellow_Init
 .text.PWM_yellow_Start
                0x00000bd8       0x1c .\CortexM3\ARM_GCC_541\Debug\Reaction_Game_Erika.a(PWM_yellow.o)
                0x00000bd8                PWM_yellow_Start
 .text.PWM_green_Enable
                0x00000bf4       0x10 .\CortexM3\ARM_GCC_541\Debug\Reaction_Game_Erika.a(PWM_green.o)
                0x00000bf4                PWM_green_Enable
 .text.PWM_green_WriteCounter
                0x00000c04        0xc .\CortexM3\ARM_GCC_541\Debug\Reaction_Game_Erika.a(PWM_green.o)
                0x00000c04                PWM_green_WriteCounter
 .text.PWM_green_WritePeriod
                0x00000c10        0xc .\CortexM3\ARM_GCC_541\Debug\Reaction_Game_Erika.a(PWM_green.o)
                0x00000c10                PWM_green_WritePeriod
 .text.PWM_green_WriteCompare
                0x00000c1c        0xc .\CortexM3\ARM_GCC_541\Debug\Reaction_Game_Erika.a(PWM_green.o)
                0x00000c1c                PWM_green_WriteCompare
 .text.PWM_green_SetInterruptMode
                0x00000c28        0xc .\CortexM3\ARM_GCC_541\Debug\Reaction_Game_Erika.a(PWM_green.o)
                0x00000c28                PWM_green_SetInterruptMode
 .text.PWM_green_ReadStatusRegister
                0x00000c34        0xc .\CortexM3\ARM_GCC_541\Debug\Reaction_Game_Erika.a(PWM_green.o)
                0x00000c34                PWM_green_ReadStatusRegister
 .text.PWM_green_ReadCapture
                0x00000c40        0xc .\CortexM3\ARM_GCC_541\Debug\Reaction_Game_Erika.a(PWM_green.o)
                0x00000c40                PWM_green_ReadCapture
 .text.PWM_green_ClearFIFO
                0x00000c4c       0x14 .\CortexM3\ARM_GCC_541\Debug\Reaction_Game_Erika.a(PWM_green.o)
                0x00000c4c                PWM_green_ClearFIFO
 .text.PWM_green_Init
                0x00000c60       0x50 .\CortexM3\ARM_GCC_541\Debug\Reaction_Game_Erika.a(PWM_green.o)
                0x00000c60                PWM_green_Init
 .text.PWM_green_Start
                0x00000cb0       0x1c .\CortexM3\ARM_GCC_541\Debug\Reaction_Game_Erika.a(PWM_green.o)
                0x00000cb0                PWM_green_Start
 .text.RGB_PWM_red_Enable
                0x00000ccc       0x10 .\CortexM3\ARM_GCC_541\Debug\Reaction_Game_Erika.a(RGB_PWM_red.o)
                0x00000ccc                RGB_PWM_red_Enable
 .text.RGB_PWM_red_WriteCounter
                0x00000cdc        0xc .\CortexM3\ARM_GCC_541\Debug\Reaction_Game_Erika.a(RGB_PWM_red.o)
                0x00000cdc                RGB_PWM_red_WriteCounter
 .text.RGB_PWM_red_WritePeriod
                0x00000ce8        0xc .\CortexM3\ARM_GCC_541\Debug\Reaction_Game_Erika.a(RGB_PWM_red.o)
                0x00000ce8                RGB_PWM_red_WritePeriod
 .text.RGB_PWM_red_WriteCompare
                0x00000cf4        0xc .\CortexM3\ARM_GCC_541\Debug\Reaction_Game_Erika.a(RGB_PWM_red.o)
                0x00000cf4                RGB_PWM_red_WriteCompare
 .text.RGB_PWM_red_SetInterruptMode
                0x00000d00        0xc .\CortexM3\ARM_GCC_541\Debug\Reaction_Game_Erika.a(RGB_PWM_red.o)
                0x00000d00                RGB_PWM_red_SetInterruptMode
 .text.RGB_PWM_red_ReadStatusRegister
                0x00000d0c        0xc .\CortexM3\ARM_GCC_541\Debug\Reaction_Game_Erika.a(RGB_PWM_red.o)
                0x00000d0c                RGB_PWM_red_ReadStatusRegister
 .text.RGB_PWM_red_ReadCapture
                0x00000d18        0xc .\CortexM3\ARM_GCC_541\Debug\Reaction_Game_Erika.a(RGB_PWM_red.o)
                0x00000d18                RGB_PWM_red_ReadCapture
 .text.RGB_PWM_red_ClearFIFO
                0x00000d24       0x14 .\CortexM3\ARM_GCC_541\Debug\Reaction_Game_Erika.a(RGB_PWM_red.o)
                0x00000d24                RGB_PWM_red_ClearFIFO
 .text.RGB_PWM_red_Init
                0x00000d38       0x50 .\CortexM3\ARM_GCC_541\Debug\Reaction_Game_Erika.a(RGB_PWM_red.o)
                0x00000d38                RGB_PWM_red_Init
 .text.RGB_PWM_red_Start
                0x00000d88       0x1c .\CortexM3\ARM_GCC_541\Debug\Reaction_Game_Erika.a(RGB_PWM_red.o)
                0x00000d88                RGB_PWM_red_Start
 .text.RGB_PWM_green_Enable
                0x00000da4       0x10 .\CortexM3\ARM_GCC_541\Debug\Reaction_Game_Erika.a(RGB_PWM_green.o)
                0x00000da4                RGB_PWM_green_Enable
 .text.RGB_PWM_green_WriteCounter
                0x00000db4        0xc .\CortexM3\ARM_GCC_541\Debug\Reaction_Game_Erika.a(RGB_PWM_green.o)
                0x00000db4                RGB_PWM_green_WriteCounter
 .text.RGB_PWM_green_WritePeriod
                0x00000dc0        0xc .\CortexM3\ARM_GCC_541\Debug\Reaction_Game_Erika.a(RGB_PWM_green.o)
                0x00000dc0                RGB_PWM_green_WritePeriod
 .text.RGB_PWM_green_WriteCompare
                0x00000dcc        0xc .\CortexM3\ARM_GCC_541\Debug\Reaction_Game_Erika.a(RGB_PWM_green.o)
                0x00000dcc                RGB_PWM_green_WriteCompare
 .text.RGB_PWM_green_SetInterruptMode
                0x00000dd8        0xc .\CortexM3\ARM_GCC_541\Debug\Reaction_Game_Erika.a(RGB_PWM_green.o)
                0x00000dd8                RGB_PWM_green_SetInterruptMode
 .text.RGB_PWM_green_ReadStatusRegister
                0x00000de4        0xc .\CortexM3\ARM_GCC_541\Debug\Reaction_Game_Erika.a(RGB_PWM_green.o)
                0x00000de4                RGB_PWM_green_ReadStatusRegister
 .text.RGB_PWM_green_ReadCapture
                0x00000df0        0xc .\CortexM3\ARM_GCC_541\Debug\Reaction_Game_Erika.a(RGB_PWM_green.o)
                0x00000df0                RGB_PWM_green_ReadCapture
 .text.RGB_PWM_green_ClearFIFO
                0x00000dfc       0x14 .\CortexM3\ARM_GCC_541\Debug\Reaction_Game_Erika.a(RGB_PWM_green.o)
                0x00000dfc                RGB_PWM_green_ClearFIFO
 .text.RGB_PWM_green_Init
                0x00000e10       0x50 .\CortexM3\ARM_GCC_541\Debug\Reaction_Game_Erika.a(RGB_PWM_green.o)
                0x00000e10                RGB_PWM_green_Init
 .text.RGB_PWM_green_Start
                0x00000e60       0x1c .\CortexM3\ARM_GCC_541\Debug\Reaction_Game_Erika.a(RGB_PWM_green.o)
                0x00000e60                RGB_PWM_green_Start
 .text.RGB_PWM_blue_Enable
                0x00000e7c       0x10 .\CortexM3\ARM_GCC_541\Debug\Reaction_Game_Erika.a(RGB_PWM_blue.o)
                0x00000e7c                RGB_PWM_blue_Enable
 .text.RGB_PWM_blue_WriteCounter
                0x00000e8c        0xc .\CortexM3\ARM_GCC_541\Debug\Reaction_Game_Erika.a(RGB_PWM_blue.o)
                0x00000e8c                RGB_PWM_blue_WriteCounter
 .text.RGB_PWM_blue_WritePeriod
                0x00000e98        0xc .\CortexM3\ARM_GCC_541\Debug\Reaction_Game_Erika.a(RGB_PWM_blue.o)
                0x00000e98                RGB_PWM_blue_WritePeriod
 .text.RGB_PWM_blue_WriteCompare
                0x00000ea4        0xc .\CortexM3\ARM_GCC_541\Debug\Reaction_Game_Erika.a(RGB_PWM_blue.o)
                0x00000ea4                RGB_PWM_blue_WriteCompare
 .text.RGB_PWM_blue_SetInterruptMode
                0x00000eb0        0xc .\CortexM3\ARM_GCC_541\Debug\Reaction_Game_Erika.a(RGB_PWM_blue.o)
                0x00000eb0                RGB_PWM_blue_SetInterruptMode
 .text.RGB_PWM_blue_ReadStatusRegister
                0x00000ebc        0xc .\CortexM3\ARM_GCC_541\Debug\Reaction_Game_Erika.a(RGB_PWM_blue.o)
                0x00000ebc                RGB_PWM_blue_ReadStatusRegister
 .text.RGB_PWM_blue_ReadCapture
                0x00000ec8        0xc .\CortexM3\ARM_GCC_541\Debug\Reaction_Game_Erika.a(RGB_PWM_blue.o)
                0x00000ec8                RGB_PWM_blue_ReadCapture
 .text.RGB_PWM_blue_ClearFIFO
                0x00000ed4       0x14 .\CortexM3\ARM_GCC_541\Debug\Reaction_Game_Erika.a(RGB_PWM_blue.o)
                0x00000ed4                RGB_PWM_blue_ClearFIFO
 .text.RGB_PWM_blue_Init
                0x00000ee8       0x60 .\CortexM3\ARM_GCC_541\Debug\Reaction_Game_Erika.a(RGB_PWM_blue.o)
                0x00000ee8                RGB_PWM_blue_Init
 .text.RGB_PWM_blue_Start
                0x00000f48       0x1c .\CortexM3\ARM_GCC_541\Debug\Reaction_Game_Erika.a(RGB_PWM_blue.o)
                0x00000f48                RGB_PWM_blue_Start
 .text.UART_LOG_Init
                0x00000f64       0x28 .\CortexM3\ARM_GCC_541\Debug\Reaction_Game_Erika.a(UART_LOG.o)
                0x00000f64                UART_LOG_Init
 .text.UART_LOG_Enable
                0x00000f8c       0x38 .\CortexM3\ARM_GCC_541\Debug\Reaction_Game_Erika.a(UART_LOG.o)
                0x00000f8c                UART_LOG_Enable
 .text.UART_LOG_Start
                0x00000fc4       0x1c .\CortexM3\ARM_GCC_541\Debug\Reaction_Game_Erika.a(UART_LOG.o)
                0x00000fc4                UART_LOG_Start
 .text.UART_LOG_PutChar
                0x00000fe0       0x18 .\CortexM3\ARM_GCC_541\Debug\Reaction_Game_Erika.a(UART_LOG.o)
                0x00000fe0                UART_LOG_PutChar
 .text.UART_LOG_PutString
                0x00000ff8       0x24 .\CortexM3\ARM_GCC_541\Debug\Reaction_Game_Erika.a(UART_LOG.o)
                0x00000ff8                UART_LOG_PutString
 .text.UART_LOG_IntClock_Start
                0x0000101c       0x1c .\CortexM3\ARM_GCC_541\Debug\Reaction_Game_Erika.a(UART_LOG_IntClock.o)
                0x0000101c                UART_LOG_IntClock_Start
 .text.EE_oo_ActivateTask
                0x00001038       0xe8 .\CortexM3\ARM_GCC_541\Debug\Reaction_Game_Erika.a(Erika_OS_ee_activate.o)
                0x00001038                EE_oo_ActivateTask
 .text.EE_oo_CancelAlarm
                0x00001120       0xa4 .\CortexM3\ARM_GCC_541\Debug\Reaction_Game_Erika.a(Erika_OS_ee_alcancel.o)
                0x00001120                EE_oo_CancelAlarm
 .text.EE_oo_SetRelAlarm
                0x000011c4       0x80 .\CortexM3\ARM_GCC_541\Debug\Reaction_Game_Erika.a(Erika_OS_ee_alsetrel.o)
                0x000011c4                EE_oo_SetRelAlarm
 .text.EE_oo_handle_action_callback
                0x00001244        0xc .\CortexM3\ARM_GCC_541\Debug\Reaction_Game_Erika.a(Erika_OS_ee_altick.o)
 .text.EE_oo_handle_action_task
                0x00001250       0x4c .\CortexM3\ARM_GCC_541\Debug\Reaction_Game_Erika.a(Erika_OS_ee_altick.o)
 .text.EE_oo_handle_action_event
                0x0000129c       0x60 .\CortexM3\ARM_GCC_541\Debug\Reaction_Game_Erika.a(Erika_OS_ee_altick.o)
 .text.EE_oo_handle_action
                0x000012fc       0x28 .\CortexM3\ARM_GCC_541\Debug\Reaction_Game_Erika.a(Erika_OS_ee_altick.o)
 .text.EE_oo_counter_object_insert
                0x00001324       0x9c .\CortexM3\ARM_GCC_541\Debug\Reaction_Game_Erika.a(Erika_OS_ee_altick.o)
                0x00001324                EE_oo_counter_object_insert
 .text.EE_oo_IncrementCounterImplementation
                0x000013c0      0x100 .\CortexM3\ARM_GCC_541\Debug\Reaction_Game_Erika.a(Erika_OS_ee_altick.o)
                0x000013c0                EE_oo_IncrementCounterImplementation
 .text.EE_oo_IncrementCounter
                0x000014c0       0xb0 .\CortexM3\ARM_GCC_541\Debug\Reaction_Game_Erika.a(Erika_OS_ee_altick.o)
                0x000014c0                EE_oo_IncrementCounter
 .text.EE_oo_ClearEvent
                0x00001570       0x5c .\CortexM3\ARM_GCC_541\Debug\Reaction_Game_Erika.a(Erika_OS_ee_evclear.o)
                0x00001570                EE_oo_ClearEvent
 .text.EE_oo_GetEvent
                0x000015cc       0x40 .\CortexM3\ARM_GCC_541\Debug\Reaction_Game_Erika.a(Erika_OS_ee_evget.o)
                0x000015cc                EE_oo_GetEvent
 .text.EE_oo_SetEvent
                0x0000160c      0x100 .\CortexM3\ARM_GCC_541\Debug\Reaction_Game_Erika.a(Erika_OS_ee_evset.o)
                0x0000160c                EE_oo_SetEvent
 .text.EE_oo_WaitEvent
                0x0000170c      0x110 .\CortexM3\ARM_GCC_541\Debug\Reaction_Game_Erika.a(Erika_OS_ee_evwait.o)
                0x0000170c                EE_oo_WaitEvent
 .text.EE_IRQ_run_next_task
                0x0000181c       0x30 .\CortexM3\ARM_GCC_541\Debug\Reaction_Game_Erika.a(Erika_OS_ee_irqendin.o)
 .text.EE_IRQ_end_instance
                0x0000184c       0x68 .\CortexM3\ARM_GCC_541\Debug\Reaction_Game_Erika.a(Erika_OS_ee_irqendin.o)
                0x0000184c                EE_IRQ_end_instance
 .text.EE_IRQ_end_post_stub
                0x000018b4       0x14 .\CortexM3\ARM_GCC_541\Debug\Reaction_Game_Erika.a(Erika_OS_ee_irqendin.o)
                0x000018b4                EE_IRQ_end_post_stub
 .text.EE_rq2stk_exchange
                0x000018c8       0x88 .\CortexM3\ARM_GCC_541\Debug\Reaction_Game_Erika.a(Erika_OS_ee_rq_exchg.o)
                0x000018c8                EE_rq2stk_exchange
 .text.EE_rq_queryfirst
                0x00001950       0x44 .\CortexM3\ARM_GCC_541\Debug\Reaction_Game_Erika.a(Erika_OS_ee_rq_first.o)
                0x00001950                EE_rq_queryfirst
 .text.EE_rq_insert
                0x00001994       0x74 .\CortexM3\ARM_GCC_541\Debug\Reaction_Game_Erika.a(Erika_OS_ee_rq_inser.o)
                0x00001994                EE_rq_insert
 .text.compute_task_tid
                0x00001a08       0x10 .\CortexM3\ARM_GCC_541\Debug\Reaction_Game_Erika.a(Erika_OS_ee_startos.o)
 .text.EE_oo_start_os
                0x00001a18        0xc .\CortexM3\ARM_GCC_541\Debug\Reaction_Game_Erika.a(Erika_OS_ee_startos.o)
 .text.EE_oo_autostart_tasks
                0x00001a24       0x60 .\CortexM3\ARM_GCC_541\Debug\Reaction_Game_Erika.a(Erika_OS_ee_startos.o)
 .text.EE_oo_autostart_os
                0x00001a84        0xc .\CortexM3\ARM_GCC_541\Debug\Reaction_Game_Erika.a(Erika_OS_ee_startos.o)
 .text.EE_oo_StartOS
                0x00001a90       0x8c .\CortexM3\ARM_GCC_541\Debug\Reaction_Game_Erika.a(Erika_OS_ee_startos.o)
                0x00001a90                EE_oo_StartOS
 .text.EE_oo_TerminateTask
                0x00001b1c       0x3c .\CortexM3\ARM_GCC_541\Debug\Reaction_Game_Erika.a(Erika_OS_ee_terminat.o)
                0x00001b1c                EE_oo_TerminateTask
 .text.EE_system_init
                0x00001b58       0x48 .\CortexM3\ARM_GCC_541\Debug\Reaction_Game_Erika.a(Erika_OS_cortex_mx_ee_utils.o)
                0x00001b58                EE_system_init
 .text          0x00001ba0       0x20 .\CortexM3\ARM_GCC_541\Debug\Reaction_Game_Erika.a(CyBootAsmGnu.o)
                0x00001ba0                CyDelayCycles
                0x00001bb0                CyEnterCriticalSection
                0x00001bb8                CyExitCriticalSection
 .text          0x00001bc0       0x7c .\CortexM3\ARM_GCC_541\Debug\Reaction_Game_Erika.a(Erika_OS_ee_gnu_change_context_isr.o)
                0x00001bc0                EE_set_switch_context_pri
                0x00001bda                EE_switch_context
                0x00001be4                EE_cortex_mx_pendsv_ISR
                0x00001c20                EE_cortex_mx_svc_ISR
 .text          0x00001c3c       0x24 .\CortexM3\ARM_GCC_541\Debug\Reaction_Game_Erika.a(Erika_OS_ee_gnu_irq_stack.o)
                0x00001c3c                EE_cortex_mx_change_IRQ_stack
                0x00001c4e                EE_cortex_mx_change_IRQ_stack_back
 .text          0x00001c60       0x68 .\CortexM3\ARM_GCC_541\Debug\Reaction_Game_Erika.a(Erika_OS_ee_gnu_multi_context.o)
                0x00001c60                EE_cortex_mx_change_context
 .text          0x00001cc8       0x80 .\CortexM3\ARM_GCC_541\Debug\Reaction_Game_Erika.a(Erika_OS_ee_gnu_oo.o)
                0x00001cc8                EE_hal_terminate_savestk
                0x00001d12                EE_hal_terminate_task
 .text.EE_thread_not_terminated
                0x00001d48       0x10 .\CortexM3\ARM_GCC_541\Debug\Reaction_Game_Erika.a(Erika_OS_ee_tnterm.o)
                0x00001d48                EE_thread_not_terminated
 .text.EE_oo_thread_stub
                0x00001d58       0x10 .\CortexM3\ARM_GCC_541\Debug\Reaction_Game_Erika.a(Erika_OS_ee_tstub.o)
                0x00001d58                EE_oo_thread_stub
 .text.EE_std_run_task_code
                0x00001d68       0x18 .\CortexM3\ARM_GCC_541\Debug\Reaction_Game_Erika.a(Erika_OS_cortex_mx_ee_context.o)
                0x00001d68                EE_std_run_task_code
 .text.EE_std_need_context_change
                0x00001d80       0x28 .\CortexM3\ARM_GCC_541\Debug\Reaction_Game_Erika.a(Erika_OS_cortex_mx_ee_context.o)
                0x00001d80                EE_std_need_context_change
 .text.EE_thread_rnact_max
                0x00001da8       0x20 .\CortexM3\ARM_GCC_541\Debug\Reaction_Game_Erika.a(Erika_OS_ee_thendin.o)
 .text.EE_thread_endcycle_next
                0x00001dc8       0x30 .\CortexM3\ARM_GCC_541\Debug\Reaction_Game_Erika.a(Erika_OS_ee_thendin.o)
 .text.EE_thread_end_instance
                0x00001df8      0x108 .\CortexM3\ARM_GCC_541\Debug\Reaction_Game_Erika.a(Erika_OS_ee_thendin.o)
                0x00001df8                EE_thread_end_instance
 .text.__errno  0x00001f00        0xc d:/psoc creator/4.4/psoc creator/import/gnu/arm/5.4.1/bin/../lib/gcc/arm-none-eabi/5.4.1/../../../../arm-none-eabi/lib/armv7-m\libg_nano.a(lib_a-errno.o)
                0x00001f00                __errno
 .text.__libc_init_array
                0x00001f0c       0x4c d:/psoc creator/4.4/psoc creator/import/gnu/arm/5.4.1/bin/../lib/gcc/arm-none-eabi/5.4.1/../../../../arm-none-eabi/lib/armv7-m\libg_nano.a(lib_a-init.o)
                0x00001f0c                __libc_init_array
 .text.memcpy   0x00001f58       0x16 d:/psoc creator/4.4/psoc creator/import/gnu/arm/5.4.1/bin/../lib/gcc/arm-none-eabi/5.4.1/../../../../arm-none-eabi/lib/armv7-m\libg_nano.a(lib_a-memcpy-stub.o)
                0x00001f58                memcpy
 .text.memset   0x00001f6e       0x10 d:/psoc creator/4.4/psoc creator/import/gnu/arm/5.4.1/bin/../lib/gcc/arm-none-eabi/5.4.1/../../../../arm-none-eabi/lib/armv7-m\libg_nano.a(lib_a-memset.o)
                0x00001f6e                memset
 *fill*         0x00001f7e        0x2 
 .text.rand     0x00001f80       0x74 d:/psoc creator/4.4/psoc creator/import/gnu/arm/5.4.1/bin/../lib/gcc/arm-none-eabi/5.4.1/../../../../arm-none-eabi/lib/armv7-m\libg_nano.a(lib_a-rand.o)
                0x00001f80                rand
 .text.sprintf  0x00001ff4       0x48 d:/psoc creator/4.4/psoc creator/import/gnu/arm/5.4.1/bin/../lib/gcc/arm-none-eabi/5.4.1/../../../../arm-none-eabi/lib/armv7-m\libg_nano.a(lib_a-sprintf.o)
                0x00001ff4                siprintf
                0x00001ff4                sprintf
 .text.malloc   0x0000203c       0x10 d:/psoc creator/4.4/psoc creator/import/gnu/arm/5.4.1/bin/../lib/gcc/arm-none-eabi/5.4.1/../../../../arm-none-eabi/lib/armv7-m\libg_nano.a(lib_a-malloc.o)
                0x0000203c                malloc
 .text._free_r  0x0000204c       0x98 d:/psoc creator/4.4/psoc creator/import/gnu/arm/5.4.1/bin/../lib/gcc/arm-none-eabi/5.4.1/../../../../arm-none-eabi/lib/armv7-m\libg_nano.a(lib_a-nano-freer.o)
                0x0000204c                _free_r
 .text._malloc_r
                0x000020e4       0xbc d:/psoc creator/4.4/psoc creator/import/gnu/arm/5.4.1/bin/../lib/gcc/arm-none-eabi/5.4.1/../../../../arm-none-eabi/lib/armv7-m\libg_nano.a(lib_a-nano-mallocr.o)
                0x000020e4                _malloc_r
 .text.__ssputs_r
                0x000021a0       0xb2 d:/psoc creator/4.4/psoc creator/import/gnu/arm/5.4.1/bin/../lib/gcc/arm-none-eabi/5.4.1/../../../../arm-none-eabi/lib/armv7-m\libg_nano.a(lib_a-nano-svfprintf.o)
                0x000021a0                __ssputs_r
 *fill*         0x00002252        0x2 
 .text._svfprintf_r
                0x00002254      0x1e8 d:/psoc creator/4.4/psoc creator/import/gnu/arm/5.4.1/bin/../lib/gcc/arm-none-eabi/5.4.1/../../../../arm-none-eabi/lib/armv7-m\libg_nano.a(lib_a-nano-svfprintf.o)
                0x00002254                _svfiprintf_r
                0x00002254                _svfprintf_r
 .text._printf_common
                0x0000243c       0xec d:/psoc creator/4.4/psoc creator/import/gnu/arm/5.4.1/bin/../lib/gcc/arm-none-eabi/5.4.1/../../../../arm-none-eabi/lib/armv7-m\libg_nano.a(lib_a-nano-vfprintf_i.o)
                0x0000243c                _printf_common
 .text._printf_i
                0x00002528      0x24c d:/psoc creator/4.4/psoc creator/import/gnu/arm/5.4.1/bin/../lib/gcc/arm-none-eabi/5.4.1/../../../../arm-none-eabi/lib/armv7-m\libg_nano.a(lib_a-nano-vfprintf_i.o)
                0x00002528                _printf_i
 .text._sbrk_r  0x00002774       0x20 d:/psoc creator/4.4/psoc creator/import/gnu/arm/5.4.1/bin/../lib/gcc/arm-none-eabi/5.4.1/../../../../arm-none-eabi/lib/armv7-m\libg_nano.a(lib_a-sbrkr.o)
                0x00002774                _sbrk_r
 .text.memchr   0x00002794       0x1c d:/psoc creator/4.4/psoc creator/import/gnu/arm/5.4.1/bin/../lib/gcc/arm-none-eabi/5.4.1/../../../../arm-none-eabi/lib/armv7-m\libg_nano.a(lib_a-memchr-stub.o)
                0x00002794                memchr
 .text.memmove  0x000027b0       0x36 d:/psoc creator/4.4/psoc creator/import/gnu/arm/5.4.1/bin/../lib/gcc/arm-none-eabi/5.4.1/../../../../arm-none-eabi/lib/armv7-m\libg_nano.a(lib_a-memmove.o)
                0x000027b0                memmove
 .text.__malloc_lock
                0x000027e6        0x2 d:/psoc creator/4.4/psoc creator/import/gnu/arm/5.4.1/bin/../lib/gcc/arm-none-eabi/5.4.1/../../../../arm-none-eabi/lib/armv7-m\libg_nano.a(lib_a-mlock.o)
                0x000027e6                __malloc_lock
 .text.__malloc_unlock
                0x000027e8        0x2 d:/psoc creator/4.4/psoc creator/import/gnu/arm/5.4.1/bin/../lib/gcc/arm-none-eabi/5.4.1/../../../../arm-none-eabi/lib/armv7-m\libg_nano.a(lib_a-mlock.o)
                0x000027e8                __malloc_unlock
 .text._realloc_r
                0x000027ea       0x4c d:/psoc creator/4.4/psoc creator/import/gnu/arm/5.4.1/bin/../lib/gcc/arm-none-eabi/5.4.1/../../../../arm-none-eabi/lib/armv7-m\libg_nano.a(lib_a-nano-reallocr.o)
                0x000027ea                _realloc_r
 .text._malloc_usable_size_r
                0x00002836       0x14 d:/psoc creator/4.4/psoc creator/import/gnu/arm/5.4.1/bin/../lib/gcc/arm-none-eabi/5.4.1/../../../../arm-none-eabi/lib/armv7-m\libg_nano.a(lib_a-nano-msizer.o)
                0x00002836                _malloc_usable_size_r
 *(.plt)
 *(.gnu.warning)
 *(.glue_7t)
 .glue_7t       0x0000284a        0x0 linker stubs
 *(.glue_7)
 .glue_7        0x0000284a        0x0 linker stubs
 *(.vfp11_veneer)
 .vfp11_veneer  0x0000284a        0x0 linker stubs
 *(.bootloader)
 *(.ARM.extab* .gnu.linkonce.armextab.*)
 *(.gcc_except_table)

.v4_bx          0x0000284c        0x0
 .v4_bx         0x0000284c        0x0 linker stubs

.iplt           0x0000284c        0x0
 .iplt          0x0000284c        0x0 d:/psoc creator/4.4/psoc creator/import/gnu/arm/5.4.1/bin/../lib/gcc/arm-none-eabi/5.4.1/armv7-m/crtbegin.o

.eh_frame_hdr
 *(.eh_frame_hdr)

.eh_frame       0x0000284c        0x4
 *(.eh_frame)
 .eh_frame      0x0000284c        0x0 d:/psoc creator/4.4/psoc creator/import/gnu/arm/5.4.1/bin/../lib/gcc/arm-none-eabi/5.4.1/armv7-m/crtbegin.o
 .eh_frame      0x0000284c        0x4 d:/psoc creator/4.4/psoc creator/import/gnu/arm/5.4.1/bin/../lib/gcc/arm-none-eabi/5.4.1/armv7-m/crtend.o
                [!provide]                PROVIDE (__exidx_start, .)

.ARM.exidx
 *(.ARM.exidx* .gnu.linkonce.armexidx.*)
                0x00002850                __exidx_end = .

.rodata         0x00002850      0x780
 *(.rodata .rodata.* .gnu.linkonce.r.*)
 .rodata.str1.4
                0x00002850       0x6b .\CortexM3\ARM_GCC_541\Debug\main.o
                                 0x6f (size before relaxing)
 *fill*         0x000028bb        0x1 
 .rodata.str1.4
                0x000028bc       0xfa .\CortexM3\ARM_GCC_541\Debug\game.o
                                0x132 (size before relaxing)
 *fill*         0x000029b6        0x2 
 .rodata        0x000029b8       0x36 .\CortexM3\ARM_GCC_541\Debug\arcadian.o
                0x000029b8                RG_glow_table
 *fill*         0x000029ee        0x2 
 .rodata        0x000029f0       0x11 .\CortexM3\ARM_GCC_541\Debug\seven.o
 *fill*         0x00002a01        0x3 
 .rodata        0x00002a04      0x200 .\CortexM3\ARM_GCC_541\Debug\led.o
 .rodata        0x00002c04       0x2a .\CortexM3\ARM_GCC_541\Debug\cyfitter_cfg.o
 *fill*         0x00002c2e        0x2 
 .rodata        0x00002c30      0x100 .\CortexM3\ARM_GCC_541\Debug\Reaction_Game_Erika.a(Erika_OS_ee_lookup.o)
                0x00002c30                EE_rq_lookup
 .rodata        0x00002d30      0x17c .\CortexM3\ARM_GCC_541\Debug\Reaction_Game_Erika.a(Erika_OS_eecfg.o)
                0x00002d30                EE_oo_autostart_task_data
                0x00002d3c                EE_oo_action_ROM
                0x00002da0                EE_oo_counter_object_ROM
                0x00002ddc                EE_ALARM_ID
                0x00002df0                EE_alarm_ROM
                0x00002e04                EE_counter_ROM
                0x00002e10                EE_th_is_extended
                0x00002e24                EE_th_rnact_max
                0x00002e38                EE_th_dispatch_prio
                0x00002e4c                EE_EVENT_ID
                0x00002e58                EE_th_ready_prio
                0x00002e6c                EE_terminate_real_th_body
                0x00002e80                EE_hal_thread_body
                0x00002e94                EE_std_thread_tos
 .rodata.str1.4
                0x00002eac       0xb8 .\CortexM3\ARM_GCC_541\Debug\Reaction_Game_Erika.a(Erika_OS_eecfg.o)
                                 0xb7 (size before relaxing)
 .rodata.str1.1
                0x00002f64        0x2 d:/psoc creator/4.4/psoc creator/import/gnu/arm/5.4.1/bin/../lib/gcc/arm-none-eabi/5.4.1/../../../../arm-none-eabi/lib/armv7-m\libg_nano.a(lib_a-impure.o)
 .rodata.str1.1
                0x00002f66       0x11 d:/psoc creator/4.4/psoc creator/import/gnu/arm/5.4.1/bin/../lib/gcc/arm-none-eabi/5.4.1/../../../../arm-none-eabi/lib/armv7-m\libg_nano.a(lib_a-nano-svfprintf.o)
 .rodata.str1.1
                0x00002f77       0x22 d:/psoc creator/4.4/psoc creator/import/gnu/arm/5.4.1/bin/../lib/gcc/arm-none-eabi/5.4.1/../../../../arm-none-eabi/lib/armv7-m\libg_nano.a(lib_a-nano-vfprintf_i.o)
                0x00002f9c                . = ALIGN (0x4)
 *fill*         0x00002f99        0x3 
 *(.init)
 .init          0x00002f9c        0x4 d:/psoc creator/4.4/psoc creator/import/gnu/arm/5.4.1/bin/../lib/gcc/arm-none-eabi/5.4.1/armv7-m/crti.o
                0x00002f9c                _init
 .init          0x00002fa0        0x8 d:/psoc creator/4.4/psoc creator/import/gnu/arm/5.4.1/bin/../lib/gcc/arm-none-eabi/5.4.1/armv7-m/crtn.o
                0x00002fa8                . = ALIGN (0x4)
                0x00002fa8                __preinit_array_start = .
 *(.preinit_array)
                0x00002fa8                __preinit_array_end = .
                0x00002fa8                . = ALIGN (0x4)
                0x00002fa8                __init_array_start = .
 *(SORT(.init_array.*))
 *(.init_array)
 .init_array    0x00002fa8        0x4 d:/psoc creator/4.4/psoc creator/import/gnu/arm/5.4.1/bin/../lib/gcc/arm-none-eabi/5.4.1/armv7-m/crtbegin.o
 .init_array    0x00002fac        0x4 .\CortexM3\ARM_GCC_541\Debug\Cm3Start.o
                0x00002fb0                __init_array_end = .
                0x00002fb0                . = ALIGN (0x4)
 *(.fini)
 .fini          0x00002fb0        0x4 d:/psoc creator/4.4/psoc creator/import/gnu/arm/5.4.1/bin/../lib/gcc/arm-none-eabi/5.4.1/armv7-m/crti.o
                0x00002fb0                _fini
 .fini          0x00002fb4        0x8 d:/psoc creator/4.4/psoc creator/import/gnu/arm/5.4.1/bin/../lib/gcc/arm-none-eabi/5.4.1/armv7-m/crtn.o
                0x00002fbc                . = ALIGN (0x4)
                0x00002fbc                __fini_array_start = .
 *(.fini_array)
 .fini_array    0x00002fbc        0x4 d:/psoc creator/4.4/psoc creator/import/gnu/arm/5.4.1/bin/../lib/gcc/arm-none-eabi/5.4.1/armv7-m/crtbegin.o
 *(SORT(.fini_array.*))
                0x00002fc0                __fini_array_end = .
                0x00002fc0                . = ALIGN (0x4)
 *crtbegin.o(.ctors)
 *(EXCLUDE_FILE(*crtend.o) .ctors)
 *(SORT(.ctors.*))
 *crtend.o(.ctors)
                0x00002fc0                . = ALIGN (0x4)
 *crtbegin.o(.dtors)
 *(EXCLUDE_FILE(*crtend.o) .dtors)
 *(SORT(.dtors.*))
 *crtend.o(.dtors)
                0x00002fc0                . = ALIGN (0x4)
                0x00002fc0                __cy_regions = .
                0x00002fc0        0x4 LONG 0x2fd0 __cy_region_init_ram
                0x00002fc4        0x4 LONG 0x1fff80c8 __cy_region_start_data
                0x00002fc8        0x4 LONG 0x1d0 __cy_region_init_size_ram
                0x00002fcc        0x4 LONG 0xb10 __cy_region_zero_size_ram
                0x00002fd0                __cy_regions_end = .
                0x00002fd0                . = ALIGN (0x8)
                0x00002fd0                _etext = .

.cy_checksum_exclude
                0x00002fd0        0x0
 *(.cy_checksum_exclude)

.ramvectors     0x1fff8000       0xc0
                0x1fff8000                __cy_region_start_ram = .
 *(.ramvectors)
 .ramvectors    0x1fff8000       0xc0 .\CortexM3\ARM_GCC_541\Debug\Cm3Start.o
                0x1fff8000                CyRamVectors

.noinit         0x1fff80c0        0x1
 *(.noinit)
 .noinit        0x1fff80c0        0x1 .\CortexM3\ARM_GCC_541\Debug\Reaction_Game_Erika.a(CyLib.o)
                0x1fff80c0                CyResetStatus

.data           0x1fff80c8      0x1d0 load address 0x00002fd0
                0x1fff80c8                __cy_region_start_data = .
 *(.jcr)
 .jcr           0x1fff80c8        0x0 d:/psoc creator/4.4/psoc creator/import/gnu/arm/5.4.1/bin/../lib/gcc/arm-none-eabi/5.4.1/armv7-m/crtbegin.o
 .jcr           0x1fff80c8        0x4 d:/psoc creator/4.4/psoc creator/import/gnu/arm/5.4.1/bin/../lib/gcc/arm-none-eabi/5.4.1/armv7-m/crtend.o
 *(.got.plt)
 *(.got)
 *(.shdata)
 *(.data .data.* .gnu.linkonce.d.*)
 .data          0x1fff80cc        0x4 .\CortexM3\ARM_GCC_541\Debug\game.o
 .data          0x1fff80d0        0x2 .\CortexM3\ARM_GCC_541\Debug\seven.o
 *fill*         0x1fff80d2        0x2 
 .data          0x1fff80d4        0x4 .\CortexM3\ARM_GCC_541\Debug\Cm3Start.o
 .data          0x1fff80d8       0x10 .\CortexM3\ARM_GCC_541\Debug\Reaction_Game_Erika.a(CyLib.o)
                0x1fff80d8                cydelay_32k_ms
                0x1fff80dc                cydelay_freq_khz
                0x1fff80e0                cydelay_freq_mhz
                0x1fff80e4                cydelay_freq_hz
 .data          0x1fff80e8      0x144 .\CortexM3\ARM_GCC_541\Debug\Reaction_Game_Erika.a(Erika_OS_eecfg.o)
                0x1fff80e8                EE_ALARM_NAME
                0x1fff80fc                EE_counter_RAM
                0x1fff8104                EE_th_terminate_nextask
                0x1fff8118                EE_rq_pairs_next
                0x1fff812c                EE_rq_link
                0x1fff8140                EE_th_rnact
                0x1fff8154                EE_rq_queues_tail
                0x1fff8194                EE_rq_queues_head
                0x1fff81d4                EE_stkfirst
                0x1fff81d8                EE_th_next
                0x1fff81ec                EE_th_status
                0x1fff8200                EE_EVENT_NAME
                0x1fff820c                EE_TASK_NAME
                0x1fff8220                EE_cortex_mx_IRQ_tos
                0x1fff8224                EE_cortex_mx_system_tos
 .data          0x1fff822c        0x4 .\CortexM3\ARM_GCC_541\Debug\Reaction_Game_Erika.a(Erika_OS_ee_gnu_irq_stack.o)
 .data.impure_data
                0x1fff8230       0x60 d:/psoc creator/4.4/psoc creator/import/gnu/arm/5.4.1/bin/../lib/gcc/arm-none-eabi/5.4.1/../../../../arm-none-eabi/lib/armv7-m\libg_nano.a(lib_a-impure.o)
 .data._impure_ptr
                0x1fff8290        0x4 d:/psoc creator/4.4/psoc creator/import/gnu/arm/5.4.1/bin/../lib/gcc/arm-none-eabi/5.4.1/../../../../arm-none-eabi/lib/armv7-m\libg_nano.a(lib_a-impure.o)
                0x1fff8290                _impure_ptr
                0x1fff8298                . = ALIGN (0x8)
 *fill*         0x1fff8294        0x4 
 *(.ram)
                0x1fff8298                _edata = .

.igot.plt       0x1fff8298        0x0 load address 0x000031a0
 .igot.plt      0x1fff8298        0x0 d:/psoc creator/4.4/psoc creator/import/gnu/arm/5.4.1/bin/../lib/gcc/arm-none-eabi/5.4.1/armv7-m/crtbegin.o

.bss            0x1fff8298      0xb10 load address 0x000031a0
                0x1fff8298                PROVIDE (__bss_start__, .)
 *(.shbss)
 *(.bss .bss.* .gnu.linkonce.b.*)
 .bss           0x1fff8298       0x1c d:/psoc creator/4.4/psoc creator/import/gnu/arm/5.4.1/bin/../lib/gcc/arm-none-eabi/5.4.1/armv7-m/crtbegin.o
 .bss           0x1fff82b4        0x4 .\CortexM3\ARM_GCC_541\Debug\main.o
 .bss           0x1fff82b8       0x14 .\CortexM3\ARM_GCC_541\Debug\game.o
 .bss           0x1fff82cc       0x10 .\CortexM3\ARM_GCC_541\Debug\arcadian.o
 .bss           0x1fff82dc        0x2 .\CortexM3\ARM_GCC_541\Debug\seven.o
 .bss           0x1fff82de        0x1 .\CortexM3\ARM_GCC_541\Debug\Reaction_Game_Erika.a(PWM_red.o)
                0x1fff82de                PWM_red_initVar
 .bss           0x1fff82df        0x1 .\CortexM3\ARM_GCC_541\Debug\Reaction_Game_Erika.a(PWM_yellow.o)
                0x1fff82df                PWM_yellow_initVar
 .bss           0x1fff82e0        0x1 .\CortexM3\ARM_GCC_541\Debug\Reaction_Game_Erika.a(PWM_green.o)
                0x1fff82e0                PWM_green_initVar
 .bss           0x1fff82e1        0x1 .\CortexM3\ARM_GCC_541\Debug\Reaction_Game_Erika.a(RGB_PWM_red.o)
                0x1fff82e1                RGB_PWM_red_initVar
 .bss           0x1fff82e2        0x1 .\CortexM3\ARM_GCC_541\Debug\Reaction_Game_Erika.a(RGB_PWM_green.o)
                0x1fff82e2                RGB_PWM_green_initVar
 .bss           0x1fff82e3        0x1 .\CortexM3\ARM_GCC_541\Debug\Reaction_Game_Erika.a(RGB_PWM_blue.o)
                0x1fff82e3                RGB_PWM_blue_initVar
 .bss           0x1fff82e4        0x2 .\CortexM3\ARM_GCC_541\Debug\Reaction_Game_Erika.a(UART_LOG.o)
                0x1fff82e4                UART_LOG_initVar
 *fill*         0x1fff82e6        0x2 
 .bss           0x1fff82e8       0x4c .\CortexM3\ARM_GCC_541\Debug\Reaction_Game_Erika.a(Erika_OS_eecfg.o)
                0x1fff82e8                EE_th_waswaiting
                0x1fff82fc                EE_th_event_waitmask
                0x1fff8310                EE_th_event_active
                0x1fff8324                EE_rq_free
                0x1fff8328                EE_rq_bitmask
                0x1fff832c                EE_sys_ceiling
                0x1fff8330                EE_cortex_mx_active_tos
 .bss.__malloc_sbrk_start
                0x1fff8334        0x4 d:/psoc creator/4.4/psoc creator/import/gnu/arm/5.4.1/bin/../lib/gcc/arm-none-eabi/5.4.1/../../../../arm-none-eabi/lib/armv7-m\libg_nano.a(lib_a-nano-mallocr.o)
                0x1fff8334                __malloc_sbrk_start
 .bss.__malloc_free_list
                0x1fff8338        0x4 d:/psoc creator/4.4/psoc creator/import/gnu/arm/5.4.1/bin/../lib/gcc/arm-none-eabi/5.4.1/../../../../arm-none-eabi/lib/armv7-m\libg_nano.a(lib_a-nano-mallocr.o)
                0x1fff8338                __malloc_free_list
 *(COMMON)
 COMMON         0x1fff833c        0x2 .\CortexM3\ARM_GCC_541\Debug\main.o
                0x1fff833c                randomDelay
                0x1fff833d                randomValue
 *fill*         0x1fff833e        0x2 
 COMMON         0x1fff8340        0x8 .\CortexM3\ARM_GCC_541\Debug\Reaction_Game_Erika.a(Erika_OS_ee_lookup.o)
                0x1fff8340                EE_oo_IRQ_disable_count
                0x1fff8344                EE_oo_IRQ_suspend_status
 COMMON         0x1fff8348        0x4 .\CortexM3\ARM_GCC_541\Debug\Reaction_Game_Erika.a(Erika_OS_ee_startos.o)
                0x1fff8348                EE_oo_started
 COMMON         0x1fff834c        0x8 .\CortexM3\ARM_GCC_541\Debug\Reaction_Game_Erika.a(Erika_OS_common_ee_hal_structs.o)
                0x1fff834c                EE_IRQ_nesting_level
                0x1fff8350                EE_std_endcycle_next_tid
 COMMON         0x1fff8354      0xa4c .\CortexM3\ARM_GCC_541\Debug\Reaction_Game_Erika.a(Erika_OS_eecfg.o)
                0x1fff8354                EE_rq_pairs_tid
                0x1fff8368                EE_terminate_data
                0x1fff837c                EE_oo_counter_object_RAM
                0x1fff83cc                EE_cortex_mx_stack_2
                0x1fff8b9c                EE_ApplicationMode
                0x1fff8ba0                EE_cortex_mx_stack_9
 COMMON         0x1fff8da0        0x4 d:/psoc creator/4.4/psoc creator/import/gnu/arm/5.4.1/bin/../lib/gcc/arm-none-eabi/5.4.1/../../../../arm-none-eabi/lib/armv7-m\libg_nano.a(lib_a-reent.o)
                0x1fff8da0                errno
                0x1fff8da8                . = ALIGN (0x8)
 *fill*         0x1fff8da4        0x4 
 *(.ram.b)
                0x1fff8da8                _end = .
                0x1fff8da8                __end = .
                0x1fff8da8                PROVIDE (end, .)
                0x1fff8da8                PROVIDE (__bss_end__, .)
                0x00002fd0                __cy_region_init_ram = LOADADDR (.data)
                0x000001d0                __cy_region_init_size_ram = (_edata - ADDR (.data))
                0x00000b10                __cy_region_zero_size_ram = (_end - _edata)

.heap           0x1fff8da8       0x80 load address 0x000031a0
                0x1fff8da8                . = _end
                0x1fff8e28                . = (. + 0x80)
 *fill*         0x1fff8da8       0x80 
                0x1fff8e28                __cy_heap_limit = .

.stack          0x20007800      0x800
                0x20007800                __cy_stack_limit = .
                0x20008000                . = (. + 0x800)
 *fill*         0x20007800      0x800 
                0x00000001                ASSERT ((__cy_stack_limit >= __cy_heap_limit), region RAM overflowed with stack)
                0x00000000                cy_checksum_exclude_size = (CY_APPL_LOADABLE == 0x1)?SIZEOF (.cy_checksum_exclude):0x0
                0x00000001                ASSERT ((cy_checksum_exclude_size <= CY_CHECKSUM_EXCLUDE_SIZE), CY_BOOT: Section .cy_checksum_exclude size exceedes specified limit.)

.cyloadermeta
 *(.cyloadermeta)

.cyloadablemeta
 *(.cyloadablemeta)

.cyconfigecc    0x80000000      0x870
 *(.cyconfigecc)
 .cyconfigecc   0x80000000      0x870 .\CortexM3\ARM_GCC_541\Debug\cymetadata.o
                0x80000000                cy_meta_configecc

.cycustnvl      0x90000000        0x4
 *(.cycustnvl)
 .cycustnvl     0x90000000        0x4 .\CortexM3\ARM_GCC_541\Debug\cymetadata.o
                0x90000000                cy_meta_custnvl

.cywolatch      0x90100000        0x4
 *(.cywolatch)
 .cywolatch     0x90100000        0x4 .\CortexM3\ARM_GCC_541\Debug\cymetadata.o
                0x90100000                cy_meta_wonvl

.cyeeprom       0x90200000        0x0
 *(.cyeeprom)
                0x00000001                ASSERT ((. <= ((0x90200000 + ee_offset) + ee_size)), .cyeeprom data will not fit in EEPROM)

.cyflashprotect
                0x90400000      0x100
 *(.cyflashprotect)
 .cyflashprotect
                0x90400000      0x100 .\CortexM3\ARM_GCC_541\Debug\cymetadata.o
                0x90400000                cy_meta_flashprotect

.cymeta         0x90500000        0xc
 *(.cymeta)
 .cymeta        0x90500000        0xc .\CortexM3\ARM_GCC_541\Debug\cymetadata.o
                0x90500000                cy_metadata

.rel.dyn        0x000031a0        0x0 load address 0x9050000c
 .rel.iplt      0x000031a0        0x0 d:/psoc creator/4.4/psoc creator/import/gnu/arm/5.4.1/bin/../lib/gcc/arm-none-eabi/5.4.1/armv7-m/crtbegin.o

.stab
 *(.stab)

.stabstr
 *(.stabstr)

.debug
 *(.debug)

.line
 *(.line)

.debug_srcinfo
 *(.debug_srcinfo)

.debug_sfnames
 *(.debug_sfnames)

.debug_aranges  0x00000000      0xff0
 *(.debug_aranges)
 .debug_aranges
                0x00000000       0x48 .\CortexM3\ARM_GCC_541\Debug\main.o
 .debug_aranges
                0x00000048       0x38 .\CortexM3\ARM_GCC_541\Debug\game.o
 .debug_aranges
                0x00000080       0x38 .\CortexM3\ARM_GCC_541\Debug\arcadian.o
 .debug_aranges
                0x000000b8       0x48 .\CortexM3\ARM_GCC_541\Debug\seven.o
 .debug_aranges
                0x00000100       0x38 .\CortexM3\ARM_GCC_541\Debug\led.o
 .debug_aranges
                0x00000138       0x58 .\CortexM3\ARM_GCC_541\Debug\cyfitter_cfg.o
 .debug_aranges
                0x00000190       0x18 .\CortexM3\ARM_GCC_541\Debug\cymetadata.o
 .debug_aranges
                0x000001a8       0x48 .\CortexM3\ARM_GCC_541\Debug\Cm3Start.o
 .debug_aranges
                0x000001f0       0x28 .\CortexM3\ARM_GCC_541\Debug\Reaction_Game_Erika.a(SEVEN_reg.o)
 .debug_aranges
                0x00000218       0x38 .\CortexM3\ARM_GCC_541\Debug\Reaction_Game_Erika.a(SEVEN_DP.o)
 .debug_aranges
                0x00000250       0x38 .\CortexM3\ARM_GCC_541\Debug\Reaction_Game_Erika.a(SEVEN_SELECT.o)
 .debug_aranges
                0x00000288       0x38 .\CortexM3\ARM_GCC_541\Debug\Reaction_Game_Erika.a(Button_1.o)
 .debug_aranges
                0x000002c0       0x38 .\CortexM3\ARM_GCC_541\Debug\Reaction_Game_Erika.a(Button_2.o)
 .debug_aranges
                0x000002f8      0x2a0 .\CortexM3\ARM_GCC_541\Debug\Reaction_Game_Erika.a(CyLib.o)
 .debug_aranges
                0x00000598       0x98 .\CortexM3\ARM_GCC_541\Debug\Reaction_Game_Erika.a(cyPm.o)
 .debug_aranges
                0x00000630       0x98 .\CortexM3\ARM_GCC_541\Debug\Reaction_Game_Erika.a(PWM_red.o)
 .debug_aranges
                0x000006c8       0x98 .\CortexM3\ARM_GCC_541\Debug\Reaction_Game_Erika.a(PWM_yellow.o)
 .debug_aranges
                0x00000760       0x98 .\CortexM3\ARM_GCC_541\Debug\Reaction_Game_Erika.a(PWM_green.o)
 .debug_aranges
                0x000007f8       0x98 .\CortexM3\ARM_GCC_541\Debug\Reaction_Game_Erika.a(RGB_PWM_red.o)
 .debug_aranges
                0x00000890       0x98 .\CortexM3\ARM_GCC_541\Debug\Reaction_Game_Erika.a(RGB_PWM_green.o)
 .debug_aranges
                0x00000928       0x98 .\CortexM3\ARM_GCC_541\Debug\Reaction_Game_Erika.a(RGB_PWM_blue.o)
 .debug_aranges
                0x000009c0       0xf0 .\CortexM3\ARM_GCC_541\Debug\Reaction_Game_Erika.a(UART_LOG.o)
 .debug_aranges
                0x00000ab0       0x70 .\CortexM3\ARM_GCC_541\Debug\Reaction_Game_Erika.a(UART_LOG_IntClock.o)
 .debug_aranges
                0x00000b20       0x20 .\CortexM3\ARM_GCC_541\Debug\Reaction_Game_Erika.a(Erika_OS_ee_activate.o)
 .debug_aranges
                0x00000b40       0x20 .\CortexM3\ARM_GCC_541\Debug\Reaction_Game_Erika.a(Erika_OS_ee_alcancel.o)
 .debug_aranges
                0x00000b60       0x20 .\CortexM3\ARM_GCC_541\Debug\Reaction_Game_Erika.a(Erika_OS_ee_alsetrel.o)
 .debug_aranges
                0x00000b80       0x58 .\CortexM3\ARM_GCC_541\Debug\Reaction_Game_Erika.a(Erika_OS_ee_altick.o)
 .debug_aranges
                0x00000bd8       0x20 .\CortexM3\ARM_GCC_541\Debug\Reaction_Game_Erika.a(Erika_OS_ee_evclear.o)
 .debug_aranges
                0x00000bf8       0x20 .\CortexM3\ARM_GCC_541\Debug\Reaction_Game_Erika.a(Erika_OS_ee_evget.o)
 .debug_aranges
                0x00000c18       0x20 .\CortexM3\ARM_GCC_541\Debug\Reaction_Game_Erika.a(Erika_OS_ee_evset.o)
 .debug_aranges
                0x00000c38       0x20 .\CortexM3\ARM_GCC_541\Debug\Reaction_Game_Erika.a(Erika_OS_ee_evwait.o)
 .debug_aranges
                0x00000c58       0x30 .\CortexM3\ARM_GCC_541\Debug\Reaction_Game_Erika.a(Erika_OS_ee_irqendin.o)
 .debug_aranges
                0x00000c88       0x18 .\CortexM3\ARM_GCC_541\Debug\Reaction_Game_Erika.a(Erika_OS_ee_lookup.o)
 .debug_aranges
                0x00000ca0       0x20 .\CortexM3\ARM_GCC_541\Debug\Reaction_Game_Erika.a(Erika_OS_ee_rq_exchg.o)
 .debug_aranges
                0x00000cc0       0x20 .\CortexM3\ARM_GCC_541\Debug\Reaction_Game_Erika.a(Erika_OS_ee_rq_first.o)
 .debug_aranges
                0x00000ce0       0x20 .\CortexM3\ARM_GCC_541\Debug\Reaction_Game_Erika.a(Erika_OS_ee_rq_inser.o)
 .debug_aranges
                0x00000d00       0x40 .\CortexM3\ARM_GCC_541\Debug\Reaction_Game_Erika.a(Erika_OS_ee_startos.o)
 .debug_aranges
                0x00000d40       0x20 .\CortexM3\ARM_GCC_541\Debug\Reaction_Game_Erika.a(Erika_OS_ee_terminat.o)
 .debug_aranges
                0x00000d60       0x20 .\CortexM3\ARM_GCC_541\Debug\Reaction_Game_Erika.a(Erika_OS_cortex_mx_ee_utils.o)
 .debug_aranges
                0x00000d80       0x18 .\CortexM3\ARM_GCC_541\Debug\Reaction_Game_Erika.a(Erika_OS_common_ee_hal_structs.o)
 .debug_aranges
                0x00000d98       0x18 .\CortexM3\ARM_GCC_541\Debug\Reaction_Game_Erika.a(Erika_OS_eecfg.o)
 .debug_aranges
                0x00000db0       0x20 .\CortexM3\ARM_GCC_541\Debug\Reaction_Game_Erika.a(CyBootAsmGnu.o)
 .debug_aranges
                0x00000dd0       0x20 .\CortexM3\ARM_GCC_541\Debug\Reaction_Game_Erika.a(Erika_OS_ee_gnu_change_context_isr.o)
 .debug_aranges
                0x00000df0       0x20 .\CortexM3\ARM_GCC_541\Debug\Reaction_Game_Erika.a(Erika_OS_ee_gnu_irq_stack.o)
 .debug_aranges
                0x00000e10       0x20 .\CortexM3\ARM_GCC_541\Debug\Reaction_Game_Erika.a(Erika_OS_ee_gnu_multi_context.o)
 .debug_aranges
                0x00000e30       0x20 .\CortexM3\ARM_GCC_541\Debug\Reaction_Game_Erika.a(Erika_OS_ee_gnu_oo.o)
 .debug_aranges
                0x00000e50       0x88 .\CortexM3\ARM_GCC_541\Debug\Reaction_Game_Erika.a(CyFlash.o)
 .debug_aranges
                0x00000ed8       0x80 .\CortexM3\ARM_GCC_541\Debug\Reaction_Game_Erika.a(CySpc.o)
 .debug_aranges
                0x00000f58       0x20 .\CortexM3\ARM_GCC_541\Debug\Reaction_Game_Erika.a(Erika_OS_ee_tnterm.o)
 .debug_aranges
                0x00000f78       0x20 .\CortexM3\ARM_GCC_541\Debug\Reaction_Game_Erika.a(Erika_OS_ee_tstub.o)
 .debug_aranges
                0x00000f98       0x28 .\CortexM3\ARM_GCC_541\Debug\Reaction_Game_Erika.a(Erika_OS_cortex_mx_ee_context.o)
 .debug_aranges
                0x00000fc0       0x30 .\CortexM3\ARM_GCC_541\Debug\Reaction_Game_Erika.a(Erika_OS_ee_thendin.o)

.debug_pubnames
 *(.debug_pubnames)

.debug_info     0x00000000    0x11206
 *(.debug_info .gnu.linkonce.wi.*)
 .debug_info    0x00000000      0x77d .\CortexM3\ARM_GCC_541\Debug\main.o
 .debug_info    0x0000077d      0x72c .\CortexM3\ARM_GCC_541\Debug\game.o
 .debug_info    0x00000ea9      0x405 .\CortexM3\ARM_GCC_541\Debug\arcadian.o
 .debug_info    0x000012ae      0x4a4 .\CortexM3\ARM_GCC_541\Debug\seven.o
 .debug_info    0x00001752      0x5fb .\CortexM3\ARM_GCC_541\Debug\led.o
 .debug_info    0x00001d4d      0x513 .\CortexM3\ARM_GCC_541\Debug\cyfitter_cfg.o
 .debug_info    0x00002260      0x139 .\CortexM3\ARM_GCC_541\Debug\cymetadata.o
 .debug_info    0x00002399      0x3bb .\CortexM3\ARM_GCC_541\Debug\Cm3Start.o
 .debug_info    0x00002754       0xd6 .\CortexM3\ARM_GCC_541\Debug\Reaction_Game_Erika.a(SEVEN_reg.o)
 .debug_info    0x0000282a      0x11f .\CortexM3\ARM_GCC_541\Debug\Reaction_Game_Erika.a(SEVEN_DP.o)
 .debug_info    0x00002949      0x11f .\CortexM3\ARM_GCC_541\Debug\Reaction_Game_Erika.a(SEVEN_SELECT.o)
 .debug_info    0x00002a68      0x11f .\CortexM3\ARM_GCC_541\Debug\Reaction_Game_Erika.a(Button_1.o)
 .debug_info    0x00002b87      0x11f .\CortexM3\ARM_GCC_541\Debug\Reaction_Game_Erika.a(Button_2.o)
 .debug_info    0x00002ca6     0x1374 .\CortexM3\ARM_GCC_541\Debug\Reaction_Game_Erika.a(CyLib.o)
 .debug_info    0x0000401a      0xa2a .\CortexM3\ARM_GCC_541\Debug\Reaction_Game_Erika.a(cyPm.o)
 .debug_info    0x00004a44      0x334 .\CortexM3\ARM_GCC_541\Debug\Reaction_Game_Erika.a(PWM_red.o)
 .debug_info    0x00004d78      0x334 .\CortexM3\ARM_GCC_541\Debug\Reaction_Game_Erika.a(PWM_yellow.o)
 .debug_info    0x000050ac      0x334 .\CortexM3\ARM_GCC_541\Debug\Reaction_Game_Erika.a(PWM_green.o)
 .debug_info    0x000053e0      0x334 .\CortexM3\ARM_GCC_541\Debug\Reaction_Game_Erika.a(RGB_PWM_red.o)
 .debug_info    0x00005714      0x334 .\CortexM3\ARM_GCC_541\Debug\Reaction_Game_Erika.a(RGB_PWM_green.o)
 .debug_info    0x00005a48      0x351 .\CortexM3\ARM_GCC_541\Debug\Reaction_Game_Erika.a(RGB_PWM_blue.o)
 .debug_info    0x00005d99      0x60c .\CortexM3\ARM_GCC_541\Debug\Reaction_Game_Erika.a(UART_LOG.o)
 .debug_info    0x000063a5      0x283 .\CortexM3\ARM_GCC_541\Debug\Reaction_Game_Erika.a(UART_LOG_IntClock.o)
 .debug_info    0x00006628      0x80d .\CortexM3\ARM_GCC_541\Debug\Reaction_Game_Erika.a(Erika_OS_ee_activate.o)
 .debug_info    0x00006e35      0x5bd .\CortexM3\ARM_GCC_541\Debug\Reaction_Game_Erika.a(Erika_OS_ee_alcancel.o)
 .debug_info    0x000073f2      0x5e5 .\CortexM3\ARM_GCC_541\Debug\Reaction_Game_Erika.a(Erika_OS_ee_alsetrel.o)
 .debug_info    0x000079d7      0xc3b .\CortexM3\ARM_GCC_541\Debug\Reaction_Game_Erika.a(Erika_OS_ee_altick.o)
 .debug_info    0x00008612      0x5a7 .\CortexM3\ARM_GCC_541\Debug\Reaction_Game_Erika.a(Erika_OS_ee_evclear.o)
 .debug_info    0x00008bb9      0x4ca .\CortexM3\ARM_GCC_541\Debug\Reaction_Game_Erika.a(Erika_OS_ee_evget.o)
 .debug_info    0x00009083      0x7c3 .\CortexM3\ARM_GCC_541\Debug\Reaction_Game_Erika.a(Erika_OS_ee_evset.o)
 .debug_info    0x00009846      0x84e .\CortexM3\ARM_GCC_541\Debug\Reaction_Game_Erika.a(Erika_OS_ee_evwait.o)
 .debug_info    0x0000a094      0x5cb .\CortexM3\ARM_GCC_541\Debug\Reaction_Game_Erika.a(Erika_OS_ee_irqendin.o)
 .debug_info    0x0000a65f      0x3d0 .\CortexM3\ARM_GCC_541\Debug\Reaction_Game_Erika.a(Erika_OS_ee_lookup.o)
 .debug_info    0x0000aa2f      0x46f .\CortexM3\ARM_GCC_541\Debug\Reaction_Game_Erika.a(Erika_OS_ee_rq_exchg.o)
 .debug_info    0x0000ae9e      0x421 .\CortexM3\ARM_GCC_541\Debug\Reaction_Game_Erika.a(Erika_OS_ee_rq_first.o)
 .debug_info    0x0000b2bf      0x475 .\CortexM3\ARM_GCC_541\Debug\Reaction_Game_Erika.a(Erika_OS_ee_rq_inser.o)
 .debug_info    0x0000b734     0x2040 .\CortexM3\ARM_GCC_541\Debug\Reaction_Game_Erika.a(Erika_OS_ee_startos.o)
 .debug_info    0x0000d774      0x589 .\CortexM3\ARM_GCC_541\Debug\Reaction_Game_Erika.a(Erika_OS_ee_terminat.o)
 .debug_info    0x0000dcfd      0x513 .\CortexM3\ARM_GCC_541\Debug\Reaction_Game_Erika.a(Erika_OS_cortex_mx_ee_utils.o)
 .debug_info    0x0000e210      0x3cb .\CortexM3\ARM_GCC_541\Debug\Reaction_Game_Erika.a(Erika_OS_common_ee_hal_structs.o)
 .debug_info    0x0000e5db      0x8a7 .\CortexM3\ARM_GCC_541\Debug\Reaction_Game_Erika.a(Erika_OS_eecfg.o)
 .debug_info    0x0000ee82       0xa7 .\CortexM3\ARM_GCC_541\Debug\Reaction_Game_Erika.a(CyBootAsmGnu.o)
 .debug_info    0x0000ef29       0xa8 .\CortexM3\ARM_GCC_541\Debug\Reaction_Game_Erika.a(Erika_OS_ee_gnu_change_context_isr.o)
 .debug_info    0x0000efd1       0x9f .\CortexM3\ARM_GCC_541\Debug\Reaction_Game_Erika.a(Erika_OS_ee_gnu_irq_stack.o)
 .debug_info    0x0000f070       0xa3 .\CortexM3\ARM_GCC_541\Debug\Reaction_Game_Erika.a(Erika_OS_ee_gnu_multi_context.o)
 .debug_info    0x0000f113       0x98 .\CortexM3\ARM_GCC_541\Debug\Reaction_Game_Erika.a(Erika_OS_ee_gnu_oo.o)
 .debug_info    0x0000f1ab      0x64d .\CortexM3\ARM_GCC_541\Debug\Reaction_Game_Erika.a(CyFlash.o)
 .debug_info    0x0000f7f8      0x550 .\CortexM3\ARM_GCC_541\Debug\Reaction_Game_Erika.a(CySpc.o)
 .debug_info    0x0000fd48      0x43d .\CortexM3\ARM_GCC_541\Debug\Reaction_Game_Erika.a(Erika_OS_ee_tnterm.o)
 .debug_info    0x00010185      0x487 .\CortexM3\ARM_GCC_541\Debug\Reaction_Game_Erika.a(Erika_OS_ee_tstub.o)
 .debug_info    0x0001060c      0x501 .\CortexM3\ARM_GCC_541\Debug\Reaction_Game_Erika.a(Erika_OS_cortex_mx_ee_context.o)
 .debug_info    0x00010b0d      0x6f9 .\CortexM3\ARM_GCC_541\Debug\Reaction_Game_Erika.a(Erika_OS_ee_thendin.o)

.debug_abbrev   0x00000000     0x4913
 *(.debug_abbrev)
 .debug_abbrev  0x00000000      0x25c .\CortexM3\ARM_GCC_541\Debug\main.o
 .debug_abbrev  0x0000025c      0x165 .\CortexM3\ARM_GCC_541\Debug\game.o
 .debug_abbrev  0x000003c1      0x16e .\CortexM3\ARM_GCC_541\Debug\arcadian.o
 .debug_abbrev  0x0000052f      0x166 .\CortexM3\ARM_GCC_541\Debug\seven.o
 .debug_abbrev  0x00000695      0x1e6 .\CortexM3\ARM_GCC_541\Debug\led.o
 .debug_abbrev  0x0000087b      0x1fe .\CortexM3\ARM_GCC_541\Debug\cyfitter_cfg.o
 .debug_abbrev  0x00000a79       0x77 .\CortexM3\ARM_GCC_541\Debug\cymetadata.o
 .debug_abbrev  0x00000af0      0x1e8 .\CortexM3\ARM_GCC_541\Debug\Cm3Start.o
 .debug_abbrev  0x00000cd8       0x81 .\CortexM3\ARM_GCC_541\Debug\Reaction_Game_Erika.a(SEVEN_reg.o)
 .debug_abbrev  0x00000d59       0x90 .\CortexM3\ARM_GCC_541\Debug\Reaction_Game_Erika.a(SEVEN_DP.o)
 .debug_abbrev  0x00000de9       0x90 .\CortexM3\ARM_GCC_541\Debug\Reaction_Game_Erika.a(SEVEN_SELECT.o)
 .debug_abbrev  0x00000e79       0x90 .\CortexM3\ARM_GCC_541\Debug\Reaction_Game_Erika.a(Button_1.o)
 .debug_abbrev  0x00000f09       0x90 .\CortexM3\ARM_GCC_541\Debug\Reaction_Game_Erika.a(Button_2.o)
 .debug_abbrev  0x00000f99      0x254 .\CortexM3\ARM_GCC_541\Debug\Reaction_Game_Erika.a(CyLib.o)
 .debug_abbrev  0x000011ed      0x1ab .\CortexM3\ARM_GCC_541\Debug\Reaction_Game_Erika.a(cyPm.o)
 .debug_abbrev  0x00001398      0x133 .\CortexM3\ARM_GCC_541\Debug\Reaction_Game_Erika.a(PWM_red.o)
 .debug_abbrev  0x000014cb      0x133 .\CortexM3\ARM_GCC_541\Debug\Reaction_Game_Erika.a(PWM_yellow.o)
 .debug_abbrev  0x000015fe      0x133 .\CortexM3\ARM_GCC_541\Debug\Reaction_Game_Erika.a(PWM_green.o)
 .debug_abbrev  0x00001731      0x133 .\CortexM3\ARM_GCC_541\Debug\Reaction_Game_Erika.a(RGB_PWM_red.o)
 .debug_abbrev  0x00001864      0x133 .\CortexM3\ARM_GCC_541\Debug\Reaction_Game_Erika.a(RGB_PWM_green.o)
 .debug_abbrev  0x00001997      0x133 .\CortexM3\ARM_GCC_541\Debug\Reaction_Game_Erika.a(RGB_PWM_blue.o)
 .debug_abbrev  0x00001aca      0x175 .\CortexM3\ARM_GCC_541\Debug\Reaction_Game_Erika.a(UART_LOG.o)
 .debug_abbrev  0x00001c3f      0x139 .\CortexM3\ARM_GCC_541\Debug\Reaction_Game_Erika.a(UART_LOG_IntClock.o)
 .debug_abbrev  0x00001d78      0x284 .\CortexM3\ARM_GCC_541\Debug\Reaction_Game_Erika.a(Erika_OS_ee_activate.o)
 .debug_abbrev  0x00001ffc      0x1f8 .\CortexM3\ARM_GCC_541\Debug\Reaction_Game_Erika.a(Erika_OS_ee_alcancel.o)
 .debug_abbrev  0x000021f4      0x1f7 .\CortexM3\ARM_GCC_541\Debug\Reaction_Game_Erika.a(Erika_OS_ee_alsetrel.o)
 .debug_abbrev  0x000023eb      0x362 .\CortexM3\ARM_GCC_541\Debug\Reaction_Game_Erika.a(Erika_OS_ee_altick.o)
 .debug_abbrev  0x0000274d      0x1e0 .\CortexM3\ARM_GCC_541\Debug\Reaction_Game_Erika.a(Erika_OS_ee_evclear.o)
 .debug_abbrev  0x0000292d      0x150 .\CortexM3\ARM_GCC_541\Debug\Reaction_Game_Erika.a(Erika_OS_ee_evget.o)
 .debug_abbrev  0x00002a7d      0x27f .\CortexM3\ARM_GCC_541\Debug\Reaction_Game_Erika.a(Erika_OS_ee_evset.o)
 .debug_abbrev  0x00002cfc      0x25d .\CortexM3\ARM_GCC_541\Debug\Reaction_Game_Erika.a(Erika_OS_ee_evwait.o)
 .debug_abbrev  0x00002f59      0x1da .\CortexM3\ARM_GCC_541\Debug\Reaction_Game_Erika.a(Erika_OS_ee_irqendin.o)
 .debug_abbrev  0x00003133       0xcf .\CortexM3\ARM_GCC_541\Debug\Reaction_Game_Erika.a(Erika_OS_ee_lookup.o)
 .debug_abbrev  0x00003202       0xfc .\CortexM3\ARM_GCC_541\Debug\Reaction_Game_Erika.a(Erika_OS_ee_rq_exchg.o)
 .debug_abbrev  0x000032fe       0xed .\CortexM3\ARM_GCC_541\Debug\Reaction_Game_Erika.a(Erika_OS_ee_rq_first.o)
 .debug_abbrev  0x000033eb      0x109 .\CortexM3\ARM_GCC_541\Debug\Reaction_Game_Erika.a(Erika_OS_ee_rq_inser.o)
 .debug_abbrev  0x000034f4      0x4a7 .\CortexM3\ARM_GCC_541\Debug\Reaction_Game_Erika.a(Erika_OS_ee_startos.o)
 .debug_abbrev  0x0000399b      0x1de .\CortexM3\ARM_GCC_541\Debug\Reaction_Game_Erika.a(Erika_OS_ee_terminat.o)
 .debug_abbrev  0x00003b79      0x1e3 .\CortexM3\ARM_GCC_541\Debug\Reaction_Game_Erika.a(Erika_OS_cortex_mx_ee_utils.o)
 .debug_abbrev  0x00003d5c       0xcf .\CortexM3\ARM_GCC_541\Debug\Reaction_Game_Erika.a(Erika_OS_common_ee_hal_structs.o)
 .debug_abbrev  0x00003e2b      0x130 .\CortexM3\ARM_GCC_541\Debug\Reaction_Game_Erika.a(Erika_OS_eecfg.o)
 .debug_abbrev  0x00003f5b       0x14 .\CortexM3\ARM_GCC_541\Debug\Reaction_Game_Erika.a(CyBootAsmGnu.o)
 .debug_abbrev  0x00003f6f       0x14 .\CortexM3\ARM_GCC_541\Debug\Reaction_Game_Erika.a(Erika_OS_ee_gnu_change_context_isr.o)
 .debug_abbrev  0x00003f83       0x14 .\CortexM3\ARM_GCC_541\Debug\Reaction_Game_Erika.a(Erika_OS_ee_gnu_irq_stack.o)
 .debug_abbrev  0x00003f97       0x14 .\CortexM3\ARM_GCC_541\Debug\Reaction_Game_Erika.a(Erika_OS_ee_gnu_multi_context.o)
 .debug_abbrev  0x00003fab       0x14 .\CortexM3\ARM_GCC_541\Debug\Reaction_Game_Erika.a(Erika_OS_ee_gnu_oo.o)
 .debug_abbrev  0x00003fbf      0x1a7 .\CortexM3\ARM_GCC_541\Debug\Reaction_Game_Erika.a(CyFlash.o)
 .debug_abbrev  0x00004166      0x194 .\CortexM3\ARM_GCC_541\Debug\Reaction_Game_Erika.a(CySpc.o)
 .debug_abbrev  0x000042fa      0x157 .\CortexM3\ARM_GCC_541\Debug\Reaction_Game_Erika.a(Erika_OS_ee_tnterm.o)
 .debug_abbrev  0x00004451      0x143 .\CortexM3\ARM_GCC_541\Debug\Reaction_Game_Erika.a(Erika_OS_ee_tstub.o)
 .debug_abbrev  0x00004594      0x156 .\CortexM3\ARM_GCC_541\Debug\Reaction_Game_Erika.a(Erika_OS_cortex_mx_ee_context.o)
 .debug_abbrev  0x000046ea      0x229 .\CortexM3\ARM_GCC_541\Debug\Reaction_Game_Erika.a(Erika_OS_ee_thendin.o)

.debug_line     0x00000000     0x5ce4
 *(.debug_line)
 .debug_line    0x00000000      0x478 .\CortexM3\ARM_GCC_541\Debug\main.o
 .debug_line    0x00000478      0x31b .\CortexM3\ARM_GCC_541\Debug\game.o
 .debug_line    0x00000793      0x2c2 .\CortexM3\ARM_GCC_541\Debug\arcadian.o
 .debug_line    0x00000a55      0x291 .\CortexM3\ARM_GCC_541\Debug\seven.o
 .debug_line    0x00000ce6      0x2f3 .\CortexM3\ARM_GCC_541\Debug\led.o
 .debug_line    0x00000fd9      0x1c0 .\CortexM3\ARM_GCC_541\Debug\cyfitter_cfg.o
 .debug_line    0x00001199      0x109 .\CortexM3\ARM_GCC_541\Debug\cymetadata.o
 .debug_line    0x000012a2      0x1fc .\CortexM3\ARM_GCC_541\Debug\Cm3Start.o
 .debug_line    0x0000149e       0x71 .\CortexM3\ARM_GCC_541\Debug\Reaction_Game_Erika.a(SEVEN_reg.o)
 .debug_line    0x0000150f       0x95 .\CortexM3\ARM_GCC_541\Debug\Reaction_Game_Erika.a(SEVEN_DP.o)
 .debug_line    0x000015a4       0x99 .\CortexM3\ARM_GCC_541\Debug\Reaction_Game_Erika.a(SEVEN_SELECT.o)
 .debug_line    0x0000163d       0x95 .\CortexM3\ARM_GCC_541\Debug\Reaction_Game_Erika.a(Button_1.o)
 .debug_line    0x000016d2       0x95 .\CortexM3\ARM_GCC_541\Debug\Reaction_Game_Erika.a(Button_2.o)
 .debug_line    0x00001767      0x816 .\CortexM3\ARM_GCC_541\Debug\Reaction_Game_Erika.a(CyLib.o)
 .debug_line    0x00001f7d      0x367 .\CortexM3\ARM_GCC_541\Debug\Reaction_Game_Erika.a(cyPm.o)
 .debug_line    0x000022e4      0x187 .\CortexM3\ARM_GCC_541\Debug\Reaction_Game_Erika.a(PWM_red.o)
 .debug_line    0x0000246b      0x18a .\CortexM3\ARM_GCC_541\Debug\Reaction_Game_Erika.a(PWM_yellow.o)
 .debug_line    0x000025f5      0x189 .\CortexM3\ARM_GCC_541\Debug\Reaction_Game_Erika.a(PWM_green.o)
 .debug_line    0x0000277e      0x18b .\CortexM3\ARM_GCC_541\Debug\Reaction_Game_Erika.a(RGB_PWM_red.o)
 .debug_line    0x00002909      0x18d .\CortexM3\ARM_GCC_541\Debug\Reaction_Game_Erika.a(RGB_PWM_green.o)
 .debug_line    0x00002a96      0x18f .\CortexM3\ARM_GCC_541\Debug\Reaction_Game_Erika.a(RGB_PWM_blue.o)
 .debug_line    0x00002c25      0x2c4 .\CortexM3\ARM_GCC_541\Debug\Reaction_Game_Erika.a(UART_LOG.o)
 .debug_line    0x00002ee9      0x180 .\CortexM3\ARM_GCC_541\Debug\Reaction_Game_Erika.a(UART_LOG_IntClock.o)
 .debug_line    0x00003069      0x1f0 .\CortexM3\ARM_GCC_541\Debug\Reaction_Game_Erika.a(Erika_OS_ee_activate.o)
 .debug_line    0x00003259      0x1c9 .\CortexM3\ARM_GCC_541\Debug\Reaction_Game_Erika.a(Erika_OS_ee_alcancel.o)
 .debug_line    0x00003422      0x1c7 .\CortexM3\ARM_GCC_541\Debug\Reaction_Game_Erika.a(Erika_OS_ee_alsetrel.o)
 .debug_line    0x000035e9      0x2fb .\CortexM3\ARM_GCC_541\Debug\Reaction_Game_Erika.a(Erika_OS_ee_altick.o)
 .debug_line    0x000038e4      0x1cb .\CortexM3\ARM_GCC_541\Debug\Reaction_Game_Erika.a(Erika_OS_ee_evclear.o)
 .debug_line    0x00003aaf      0x153 .\CortexM3\ARM_GCC_541\Debug\Reaction_Game_Erika.a(Erika_OS_ee_evget.o)
 .debug_line    0x00003c02      0x1ed .\CortexM3\ARM_GCC_541\Debug\Reaction_Game_Erika.a(Erika_OS_ee_evset.o)
 .debug_line    0x00003def      0x1f9 .\CortexM3\ARM_GCC_541\Debug\Reaction_Game_Erika.a(Erika_OS_ee_evwait.o)
 .debug_line    0x00003fe8      0x198 .\CortexM3\ARM_GCC_541\Debug\Reaction_Game_Erika.a(Erika_OS_ee_irqendin.o)
 .debug_line    0x00004180      0x112 .\CortexM3\ARM_GCC_541\Debug\Reaction_Game_Erika.a(Erika_OS_ee_lookup.o)
 .debug_line    0x00004292      0x153 .\CortexM3\ARM_GCC_541\Debug\Reaction_Game_Erika.a(Erika_OS_ee_rq_exchg.o)
 .debug_line    0x000043e5      0x14a .\CortexM3\ARM_GCC_541\Debug\Reaction_Game_Erika.a(Erika_OS_ee_rq_first.o)
 .debug_line    0x0000452f      0x14e .\CortexM3\ARM_GCC_541\Debug\Reaction_Game_Erika.a(Erika_OS_ee_rq_inser.o)
 .debug_line    0x0000467d      0x39d .\CortexM3\ARM_GCC_541\Debug\Reaction_Game_Erika.a(Erika_OS_ee_startos.o)
 .debug_line    0x00004a1a      0x1b6 .\CortexM3\ARM_GCC_541\Debug\Reaction_Game_Erika.a(Erika_OS_ee_terminat.o)
 .debug_line    0x00004bd0      0x17c .\CortexM3\ARM_GCC_541\Debug\Reaction_Game_Erika.a(Erika_OS_cortex_mx_ee_utils.o)
 .debug_line    0x00004d4c       0xf3 .\CortexM3\ARM_GCC_541\Debug\Reaction_Game_Erika.a(Erika_OS_common_ee_hal_structs.o)
 .debug_line    0x00004e3f      0x134 .\CortexM3\ARM_GCC_541\Debug\Reaction_Game_Erika.a(Erika_OS_eecfg.o)
 .debug_line    0x00004f73       0x66 .\CortexM3\ARM_GCC_541\Debug\Reaction_Game_Erika.a(CyBootAsmGnu.o)
 .debug_line    0x00004fd9       0xad .\CortexM3\ARM_GCC_541\Debug\Reaction_Game_Erika.a(Erika_OS_ee_gnu_change_context_isr.o)
 .debug_line    0x00005086       0x73 .\CortexM3\ARM_GCC_541\Debug\Reaction_Game_Erika.a(Erika_OS_ee_gnu_irq_stack.o)
 .debug_line    0x000050f9       0x9c .\CortexM3\ARM_GCC_541\Debug\Reaction_Game_Erika.a(Erika_OS_ee_gnu_multi_context.o)
 .debug_line    0x00005195       0x98 .\CortexM3\ARM_GCC_541\Debug\Reaction_Game_Erika.a(Erika_OS_ee_gnu_oo.o)
 .debug_line    0x0000522d      0x21a .\CortexM3\ARM_GCC_541\Debug\Reaction_Game_Erika.a(CyFlash.o)
 .debug_line    0x00005447      0x260 .\CortexM3\ARM_GCC_541\Debug\Reaction_Game_Erika.a(CySpc.o)
 .debug_line    0x000056a7      0x172 .\CortexM3\ARM_GCC_541\Debug\Reaction_Game_Erika.a(Erika_OS_ee_tnterm.o)
 .debug_line    0x00005819      0x169 .\CortexM3\ARM_GCC_541\Debug\Reaction_Game_Erika.a(Erika_OS_ee_tstub.o)
 .debug_line    0x00005982      0x1a3 .\CortexM3\ARM_GCC_541\Debug\Reaction_Game_Erika.a(Erika_OS_cortex_mx_ee_context.o)
 .debug_line    0x00005b25      0x1bf .\CortexM3\ARM_GCC_541\Debug\Reaction_Game_Erika.a(Erika_OS_ee_thendin.o)

.debug_frame    0x00000000     0x2670
 *(.debug_frame)
 .debug_frame   0x00000000       0xcc .\CortexM3\ARM_GCC_541\Debug\main.o
 .debug_frame   0x000000cc       0x94 .\CortexM3\ARM_GCC_541\Debug\game.o
 .debug_frame   0x00000160       0x84 .\CortexM3\ARM_GCC_541\Debug\arcadian.o
 .debug_frame   0x000001e4       0xcc .\CortexM3\ARM_GCC_541\Debug\seven.o
 .debug_frame   0x000002b0       0x8c .\CortexM3\ARM_GCC_541\Debug\led.o
 .debug_frame   0x0000033c       0xe4 .\CortexM3\ARM_GCC_541\Debug\cyfitter_cfg.o
 .debug_frame   0x00000420       0xb8 .\CortexM3\ARM_GCC_541\Debug\Cm3Start.o
 .debug_frame   0x000004d8       0x30 .\CortexM3\ARM_GCC_541\Debug\Reaction_Game_Erika.a(SEVEN_reg.o)
 .debug_frame   0x00000508       0x50 .\CortexM3\ARM_GCC_541\Debug\Reaction_Game_Erika.a(SEVEN_DP.o)
 .debug_frame   0x00000558       0x50 .\CortexM3\ARM_GCC_541\Debug\Reaction_Game_Erika.a(SEVEN_SELECT.o)
 .debug_frame   0x000005a8       0x50 .\CortexM3\ARM_GCC_541\Debug\Reaction_Game_Erika.a(Button_1.o)
 .debug_frame   0x000005f8       0x50 .\CortexM3\ARM_GCC_541\Debug\Reaction_Game_Erika.a(Button_2.o)
 .debug_frame   0x00000648      0x738 .\CortexM3\ARM_GCC_541\Debug\Reaction_Game_Erika.a(CyLib.o)
 .debug_frame   0x00000d80      0x1f8 .\CortexM3\ARM_GCC_541\Debug\Reaction_Game_Erika.a(cyPm.o)
 .debug_frame   0x00000f78      0x134 .\CortexM3\ARM_GCC_541\Debug\Reaction_Game_Erika.a(PWM_red.o)
 .debug_frame   0x000010ac      0x134 .\CortexM3\ARM_GCC_541\Debug\Reaction_Game_Erika.a(PWM_yellow.o)
 .debug_frame   0x000011e0      0x134 .\CortexM3\ARM_GCC_541\Debug\Reaction_Game_Erika.a(PWM_green.o)
 .debug_frame   0x00001314      0x134 .\CortexM3\ARM_GCC_541\Debug\Reaction_Game_Erika.a(RGB_PWM_red.o)
 .debug_frame   0x00001448      0x134 .\CortexM3\ARM_GCC_541\Debug\Reaction_Game_Erika.a(RGB_PWM_green.o)
 .debug_frame   0x0000157c      0x134 .\CortexM3\ARM_GCC_541\Debug\Reaction_Game_Erika.a(RGB_PWM_blue.o)
 .debug_frame   0x000016b0      0x250 .\CortexM3\ARM_GCC_541\Debug\Reaction_Game_Erika.a(UART_LOG.o)
 .debug_frame   0x00001900       0xe0 .\CortexM3\ARM_GCC_541\Debug\Reaction_Game_Erika.a(UART_LOG_IntClock.o)
 .debug_frame   0x000019e0       0x30 .\CortexM3\ARM_GCC_541\Debug\Reaction_Game_Erika.a(Erika_OS_ee_activate.o)
 .debug_frame   0x00001a10       0x38 .\CortexM3\ARM_GCC_541\Debug\Reaction_Game_Erika.a(Erika_OS_ee_alcancel.o)
 .debug_frame   0x00001a48       0x38 .\CortexM3\ARM_GCC_541\Debug\Reaction_Game_Erika.a(Erika_OS_ee_alsetrel.o)
 .debug_frame   0x00001a80      0x10c .\CortexM3\ARM_GCC_541\Debug\Reaction_Game_Erika.a(Erika_OS_ee_altick.o)
 .debug_frame   0x00001b8c       0x38 .\CortexM3\ARM_GCC_541\Debug\Reaction_Game_Erika.a(Erika_OS_ee_evclear.o)
 .debug_frame   0x00001bc4       0x20 .\CortexM3\ARM_GCC_541\Debug\Reaction_Game_Erika.a(Erika_OS_ee_evget.o)
 .debug_frame   0x00001be4       0x30 .\CortexM3\ARM_GCC_541\Debug\Reaction_Game_Erika.a(Erika_OS_ee_evset.o)
 .debug_frame   0x00001c14       0x30 .\CortexM3\ARM_GCC_541\Debug\Reaction_Game_Erika.a(Erika_OS_ee_evwait.o)
 .debug_frame   0x00001c44       0x58 .\CortexM3\ARM_GCC_541\Debug\Reaction_Game_Erika.a(Erika_OS_ee_irqendin.o)
 .debug_frame   0x00001c9c       0x3c .\CortexM3\ARM_GCC_541\Debug\Reaction_Game_Erika.a(Erika_OS_ee_rq_exchg.o)
 .debug_frame   0x00001cd8       0x20 .\CortexM3\ARM_GCC_541\Debug\Reaction_Game_Erika.a(Erika_OS_ee_rq_first.o)
 .debug_frame   0x00001cf8       0x30 .\CortexM3\ARM_GCC_541\Debug\Reaction_Game_Erika.a(Erika_OS_ee_rq_inser.o)
 .debug_frame   0x00001d28       0x90 .\CortexM3\ARM_GCC_541\Debug\Reaction_Game_Erika.a(Erika_OS_ee_startos.o)
 .debug_frame   0x00001db8       0x2c .\CortexM3\ARM_GCC_541\Debug\Reaction_Game_Erika.a(Erika_OS_ee_terminat.o)
 .debug_frame   0x00001de4       0x30 .\CortexM3\ARM_GCC_541\Debug\Reaction_Game_Erika.a(Erika_OS_cortex_mx_ee_utils.o)
 .debug_frame   0x00001e14      0x194 .\CortexM3\ARM_GCC_541\Debug\Reaction_Game_Erika.a(CyFlash.o)
 .debug_frame   0x00001fa8      0x180 .\CortexM3\ARM_GCC_541\Debug\Reaction_Game_Erika.a(CySpc.o)
 .debug_frame   0x00002128       0x2c .\CortexM3\ARM_GCC_541\Debug\Reaction_Game_Erika.a(Erika_OS_ee_tnterm.o)
 .debug_frame   0x00002154       0x2c .\CortexM3\ARM_GCC_541\Debug\Reaction_Game_Erika.a(Erika_OS_ee_tstub.o)
 .debug_frame   0x00002180       0x3c .\CortexM3\ARM_GCC_541\Debug\Reaction_Game_Erika.a(Erika_OS_cortex_mx_ee_context.o)
 .debug_frame   0x000021bc       0x5c .\CortexM3\ARM_GCC_541\Debug\Reaction_Game_Erika.a(Erika_OS_ee_thendin.o)
 .debug_frame   0x00002218       0x20 d:/psoc creator/4.4/psoc creator/import/gnu/arm/5.4.1/bin/../lib/gcc/arm-none-eabi/5.4.1/../../../../arm-none-eabi/lib/armv7-m\libg_nano.a(lib_a-errno.o)
 .debug_frame   0x00002238       0x28 d:/psoc creator/4.4/psoc creator/import/gnu/arm/5.4.1/bin/../lib/gcc/arm-none-eabi/5.4.1/../../../../arm-none-eabi/lib/armv7-m\libg_nano.a(lib_a-exit.o)
 .debug_frame   0x00002260       0x2c d:/psoc creator/4.4/psoc creator/import/gnu/arm/5.4.1/bin/../lib/gcc/arm-none-eabi/5.4.1/../../../../arm-none-eabi/lib/armv7-m\libg_nano.a(lib_a-init.o)
 .debug_frame   0x0000228c       0x28 d:/psoc creator/4.4/psoc creator/import/gnu/arm/5.4.1/bin/../lib/gcc/arm-none-eabi/5.4.1/../../../../arm-none-eabi/lib/armv7-m\libg_nano.a(lib_a-memcpy-stub.o)
 .debug_frame   0x000022b4       0x20 d:/psoc creator/4.4/psoc creator/import/gnu/arm/5.4.1/bin/../lib/gcc/arm-none-eabi/5.4.1/../../../../arm-none-eabi/lib/armv7-m\libg_nano.a(lib_a-memset.o)
 .debug_frame   0x000022d4       0x44 d:/psoc creator/4.4/psoc creator/import/gnu/arm/5.4.1/bin/../lib/gcc/arm-none-eabi/5.4.1/../../../../arm-none-eabi/lib/armv7-m\libg_nano.a(lib_a-rand.o)
 .debug_frame   0x00002318       0x70 d:/psoc creator/4.4/psoc creator/import/gnu/arm/5.4.1/bin/../lib/gcc/arm-none-eabi/5.4.1/../../../../arm-none-eabi/lib/armv7-m\libg_nano.a(lib_a-sprintf.o)
 .debug_frame   0x00002388       0x30 d:/psoc creator/4.4/psoc creator/import/gnu/arm/5.4.1/bin/../lib/gcc/arm-none-eabi/5.4.1/../../../../arm-none-eabi/lib/armv7-m\libg_nano.a(lib_a-malloc.o)
 .debug_frame   0x000023b8       0x38 d:/psoc creator/4.4/psoc creator/import/gnu/arm/5.4.1/bin/../lib/gcc/arm-none-eabi/5.4.1/../../../../arm-none-eabi/lib/armv7-m\libg_nano.a(lib_a-nano-freer.o)
 .debug_frame   0x000023f0       0x2c d:/psoc creator/4.4/psoc creator/import/gnu/arm/5.4.1/bin/../lib/gcc/arm-none-eabi/5.4.1/../../../../arm-none-eabi/lib/armv7-m\libg_nano.a(lib_a-nano-mallocr.o)
 .debug_frame   0x0000241c       0x90 d:/psoc creator/4.4/psoc creator/import/gnu/arm/5.4.1/bin/../lib/gcc/arm-none-eabi/5.4.1/../../../../arm-none-eabi/lib/armv7-m\libg_nano.a(lib_a-nano-svfprintf.o)
 .debug_frame   0x000024ac       0x60 d:/psoc creator/4.4/psoc creator/import/gnu/arm/5.4.1/bin/../lib/gcc/arm-none-eabi/5.4.1/../../../../arm-none-eabi/lib/armv7-m\libg_nano.a(lib_a-nano-vfprintf_i.o)
 .debug_frame   0x0000250c       0x2c d:/psoc creator/4.4/psoc creator/import/gnu/arm/5.4.1/bin/../lib/gcc/arm-none-eabi/5.4.1/../../../../arm-none-eabi/lib/armv7-m\libg_nano.a(lib_a-sbrkr.o)
 .debug_frame   0x00002538       0x28 d:/psoc creator/4.4/psoc creator/import/gnu/arm/5.4.1/bin/../lib/gcc/arm-none-eabi/5.4.1/../../../../arm-none-eabi/lib/armv7-m\libg_nano.a(lib_a-memchr-stub.o)
 .debug_frame   0x00002560       0x28 d:/psoc creator/4.4/psoc creator/import/gnu/arm/5.4.1/bin/../lib/gcc/arm-none-eabi/5.4.1/../../../../arm-none-eabi/lib/armv7-m\libg_nano.a(lib_a-memmove.o)
 .debug_frame   0x00002588       0x30 d:/psoc creator/4.4/psoc creator/import/gnu/arm/5.4.1/bin/../lib/gcc/arm-none-eabi/5.4.1/../../../../arm-none-eabi/lib/armv7-m\libg_nano.a(lib_a-mlock.o)
 .debug_frame   0x000025b8       0x3c d:/psoc creator/4.4/psoc creator/import/gnu/arm/5.4.1/bin/../lib/gcc/arm-none-eabi/5.4.1/../../../../arm-none-eabi/lib/armv7-m\libg_nano.a(lib_a-nano-reallocr.o)
 .debug_frame   0x000025f4       0x5c d:/psoc creator/4.4/psoc creator/import/gnu/arm/5.4.1/bin/../lib/gcc/arm-none-eabi/5.4.1/../../../../arm-none-eabi/lib/armv7-m\libg_nano.a(lib_a-reent.o)
 .debug_frame   0x00002650       0x20 d:/psoc creator/4.4/psoc creator/import/gnu/arm/5.4.1/bin/../lib/gcc/arm-none-eabi/5.4.1/../../../../arm-none-eabi/lib/armv7-m\libg_nano.a(lib_a-nano-msizer.o)

.debug_str      0x00000000     0x4220
 *(.debug_str)
 .debug_str     0x00000000      0x5e4 .\CortexM3\ARM_GCC_541\Debug\main.o
                                0x674 (size before relaxing)
 .debug_str     0x000005e4      0x2f2 .\CortexM3\ARM_GCC_541\Debug\game.o
                                0x60a (size before relaxing)
 .debug_str     0x000008d6      0x10a .\CortexM3\ARM_GCC_541\Debug\arcadian.o
                                0x54d (size before relaxing)
 .debug_str     0x000009e0       0xc9 .\CortexM3\ARM_GCC_541\Debug\seven.o
                                0x510 (size before relaxing)
 .debug_str     0x00000aa9      0x112 .\CortexM3\ARM_GCC_541\Debug\led.o
                                0x5c0 (size before relaxing)
 .debug_str     0x00000bbb      0x16d .\CortexM3\ARM_GCC_541\Debug\cyfitter_cfg.o
                                0x326 (size before relaxing)
 .debug_str     0x00000d28       0x75 .\CortexM3\ARM_GCC_541\Debug\cymetadata.o
                                0x1fb (size before relaxing)
 .debug_str     0x00000d9d      0x13f .\CortexM3\ARM_GCC_541\Debug\Cm3Start.o
                                0x321 (size before relaxing)
 .debug_str     0x00000edc       0x3a .\CortexM3\ARM_GCC_541\Debug\Reaction_Game_Erika.a(SEVEN_reg.o)
                                0x1d2 (size before relaxing)
 .debug_str     0x00000f16       0x6b .\CortexM3\ARM_GCC_541\Debug\Reaction_Game_Erika.a(SEVEN_DP.o)
                                0x208 (size before relaxing)
 .debug_str     0x00000f81       0x6b .\CortexM3\ARM_GCC_541\Debug\Reaction_Game_Erika.a(SEVEN_SELECT.o)
                                0x21c (size before relaxing)
 .debug_str     0x00000fec       0x5c .\CortexM3\ARM_GCC_541\Debug\Reaction_Game_Erika.a(Button_1.o)
                                0x208 (size before relaxing)
 .debug_str     0x00001048       0x5c .\CortexM3\ARM_GCC_541\Debug\Reaction_Game_Erika.a(Button_2.o)
                                0x208 (size before relaxing)
 .debug_str     0x000010a4      0x824 .\CortexM3\ARM_GCC_541\Debug\Reaction_Game_Erika.a(CyLib.o)
                                0xa5e (size before relaxing)
 .debug_str     0x000018c8      0x365 .\CortexM3\ARM_GCC_541\Debug\Reaction_Game_Erika.a(cyPm.o)
                                0x74a (size before relaxing)
 .debug_str     0x00001c2d       0x44 .\CortexM3\ARM_GCC_541\Debug\Reaction_Game_Erika.a(PWM_red.o)
                                0x38e (size before relaxing)
 .debug_str     0x00001c71      0x1b3 .\CortexM3\ARM_GCC_541\Debug\Reaction_Game_Erika.a(PWM_yellow.o)
                                0x3c7 (size before relaxing)
 .debug_str     0x00001e24       0x23 .\CortexM3\ARM_GCC_541\Debug\Reaction_Game_Erika.a(PWM_green.o)
                                0x3b4 (size before relaxing)
 .debug_str     0x00001e47      0x1ac .\CortexM3\ARM_GCC_541\Debug\Reaction_Game_Erika.a(RGB_PWM_red.o)
                                0x3da (size before relaxing)
 .debug_str     0x00001ff3      0x1ce .\CortexM3\ARM_GCC_541\Debug\Reaction_Game_Erika.a(RGB_PWM_green.o)
                                0x400 (size before relaxing)
 .debug_str     0x000021c1      0x1bd .\CortexM3\ARM_GCC_541\Debug\Reaction_Game_Erika.a(RGB_PWM_blue.o)
                                0x3fa (size before relaxing)
 .debug_str     0x0000237e      0x2f9 .\CortexM3\ARM_GCC_541\Debug\Reaction_Game_Erika.a(UART_LOG.o)
                                0x508 (size before relaxing)
 .debug_str     0x00002677      0x1ab .\CortexM3\ARM_GCC_541\Debug\Reaction_Game_Erika.a(UART_LOG_IntClock.o)
                                0x37d (size before relaxing)
 .debug_str     0x00002822      0x603 .\CortexM3\ARM_GCC_541\Debug\Reaction_Game_Erika.a(Erika_OS_ee_activate.o)
                                0x808 (size before relaxing)
 .debug_str     0x00002e25       0x7b .\CortexM3\ARM_GCC_541\Debug\Reaction_Game_Erika.a(Erika_OS_ee_alcancel.o)
                                0x5db (size before relaxing)
 .debug_str     0x00002ea0       0x87 .\CortexM3\ARM_GCC_541\Debug\Reaction_Game_Erika.a(Erika_OS_ee_alsetrel.o)
                                0x600 (size before relaxing)
 .debug_str     0x00002f27      0x228 .\CortexM3\ARM_GCC_541\Debug\Reaction_Game_Erika.a(Erika_OS_ee_altick.o)
                                0xa63 (size before relaxing)
 .debug_str     0x0000314f       0x2d .\CortexM3\ARM_GCC_541\Debug\Reaction_Game_Erika.a(Erika_OS_ee_evclear.o)
                                0x5e0 (size before relaxing)
 .debug_str     0x0000317c       0x5c .\CortexM3\ARM_GCC_541\Debug\Reaction_Game_Erika.a(Erika_OS_ee_evget.o)
                                0x550 (size before relaxing)
 .debug_str     0x000031d8       0x2b .\CortexM3\ARM_GCC_541\Debug\Reaction_Game_Erika.a(Erika_OS_ee_evset.o)
                                0x7e0 (size before relaxing)
 .debug_str     0x00003203       0x8e .\CortexM3\ARM_GCC_541\Debug\Reaction_Game_Erika.a(Erika_OS_ee_evwait.o)
                                0x824 (size before relaxing)
 .debug_str     0x00003291       0xc9 .\CortexM3\ARM_GCC_541\Debug\Reaction_Game_Erika.a(Erika_OS_ee_irqendin.o)
                                0x6bd (size before relaxing)
 .debug_str     0x0000335a       0x2c .\CortexM3\ARM_GCC_541\Debug\Reaction_Game_Erika.a(Erika_OS_ee_lookup.o)
                                0x48c (size before relaxing)
 .debug_str     0x00003386       0x8b .\CortexM3\ARM_GCC_541\Debug\Reaction_Game_Erika.a(Erika_OS_ee_rq_exchg.o)
                                0x4fe (size before relaxing)
 .debug_str     0x00003411       0x2e .\CortexM3\ARM_GCC_541\Debug\Reaction_Game_Erika.a(Erika_OS_ee_rq_first.o)
                                0x4c9 (size before relaxing)
 .debug_str     0x0000343f       0x39 .\CortexM3\ARM_GCC_541\Debug\Reaction_Game_Erika.a(Erika_OS_ee_rq_inser.o)
                                0x503 (size before relaxing)
 .debug_str     0x00003478      0x8a9 .\CortexM3\ARM_GCC_541\Debug\Reaction_Game_Erika.a(Erika_OS_ee_startos.o)
                               0x1744 (size before relaxing)
 .debug_str     0x00003d21       0x5c .\CortexM3\ARM_GCC_541\Debug\Reaction_Game_Erika.a(Erika_OS_ee_terminat.o)
                                0x5ed (size before relaxing)
 .debug_str     0x00003d7d       0x72 .\CortexM3\ARM_GCC_541\Debug\Reaction_Game_Erika.a(Erika_OS_cortex_mx_ee_utils.o)
                                0x570 (size before relaxing)
 .debug_str     0x00003def       0x38 .\CortexM3\ARM_GCC_541\Debug\Reaction_Game_Erika.a(Erika_OS_common_ee_hal_structs.o)
                                0x498 (size before relaxing)
 .debug_str     0x00003e27      0x189 .\CortexM3\ARM_GCC_541\Debug\Reaction_Game_Erika.a(Erika_OS_eecfg.o)
                                0x7d1 (size before relaxing)
 .debug_str     0x00003fb0       0x6c .\CortexM3\ARM_GCC_541\Debug\Reaction_Game_Erika.a(CyFlash.o)
                                0x3d7 (size before relaxing)
 .debug_str     0x0000401c       0x64 .\CortexM3\ARM_GCC_541\Debug\Reaction_Game_Erika.a(CySpc.o)
                                0x34f (size before relaxing)
 .debug_str     0x00004080       0x57 .\CortexM3\ARM_GCC_541\Debug\Reaction_Game_Erika.a(Erika_OS_ee_tnterm.o)
                                0x4ff (size before relaxing)
 .debug_str     0x000040d7       0x56 .\CortexM3\ARM_GCC_541\Debug\Reaction_Game_Erika.a(Erika_OS_ee_tstub.o)
                                0x5d6 (size before relaxing)
 .debug_str     0x0000412d       0x8b .\CortexM3\ARM_GCC_541\Debug\Reaction_Game_Erika.a(Erika_OS_cortex_mx_ee_context.o)
                                0x58d (size before relaxing)
 .debug_str     0x000041b8       0x68 .\CortexM3\ARM_GCC_541\Debug\Reaction_Game_Erika.a(Erika_OS_ee_thendin.o)
                                0x753 (size before relaxing)

.debug_loc      0x00000000     0x36d6
 *(.debug_loc)
 .debug_loc     0x00000000       0xd1 .\CortexM3\ARM_GCC_541\Debug\main.o
 .debug_loc     0x000000d1       0x6c .\CortexM3\ARM_GCC_541\Debug\game.o
 .debug_loc     0x0000013d      0x18a .\CortexM3\ARM_GCC_541\Debug\seven.o
 .debug_loc     0x000002c7      0x322 .\CortexM3\ARM_GCC_541\Debug\led.o
 .debug_loc     0x000005e9      0x1d7 .\CortexM3\ARM_GCC_541\Debug\cyfitter_cfg.o
 .debug_loc     0x000007c0      0x144 .\CortexM3\ARM_GCC_541\Debug\Cm3Start.o
 .debug_loc     0x00000904       0x42 .\CortexM3\ARM_GCC_541\Debug\Reaction_Game_Erika.a(SEVEN_DP.o)
 .debug_loc     0x00000946       0x42 .\CortexM3\ARM_GCC_541\Debug\Reaction_Game_Erika.a(SEVEN_SELECT.o)
 .debug_loc     0x00000988       0x42 .\CortexM3\ARM_GCC_541\Debug\Reaction_Game_Erika.a(Button_1.o)
 .debug_loc     0x000009ca       0x42 .\CortexM3\ARM_GCC_541\Debug\Reaction_Game_Erika.a(Button_2.o)
 .debug_loc     0x00000a0c      0xa11 .\CortexM3\ARM_GCC_541\Debug\Reaction_Game_Erika.a(CyLib.o)
 .debug_loc     0x0000141d      0x1e4 .\CortexM3\ARM_GCC_541\Debug\Reaction_Game_Erika.a(cyPm.o)
 .debug_loc     0x00001601       0x26 .\CortexM3\ARM_GCC_541\Debug\Reaction_Game_Erika.a(PWM_red.o)
 .debug_loc     0x00001627       0x26 .\CortexM3\ARM_GCC_541\Debug\Reaction_Game_Erika.a(PWM_yellow.o)